[transformers] You are using a model of type `deepseek_v41` to instantiate a model of type ``. This may be expected if you are loading a checkpoint that shares a subset of the architecture (e.g., loading a `sam2_video` checkpoint into `Sam2Model`), but is otherwise not supported and can yield errors. Please verify that the checkpoint is compatible with the model you are instantiating.
calibration: 24 windows x 2048 tokens from wiki,code,docs 
expert shards: {'cuda:4': 97, 'cuda:5': 97, 'cuda:6': 97, 'cuda:7': 93}
placement: {'cuda:4': 10, 'cuda:5': 10, 'cuda:6': 10, 'cuda:7': 10}
/mnt/ssdraid/git/deepseekv4.1/dsv41/stio.py:68: UserWarning: The given buffer is not writable, and PyTorch does not support non-writable tensors. This means you can write to the underlying (supposedly non-writable) buffer using the tensor. You may want to copy the buffer to protect its data or make it writable before converting it to a tensor. This type of warning will be suppressed for the rest of this program. (Triggered internally at /__w/pytorch/pytorch/torch/csrc/utils/tensor_new.cpp:1556.)
  t = torch.frombuffer(memoryview(buf), dtype=torch.uint8).view(TORCH_DTYPE[dtype]).view(shape)
  layer  0 -> cuda:4  (    3s)
  layer  1 -> cuda:4  (    4s)
  layer  2 -> cuda:4  (    6s)
  layer  3 -> cuda:4  (    7s)
  layer  4 -> cuda:4  (    9s)
  layer  5 -> cuda:4  (   10s)
  layer  6 -> cuda:4  (   11s)
  layer  7 -> cuda:4  (   13s)
  layer  8 -> cuda:4  (   14s)
  layer  9 -> cuda:4  (   15s)
  layer 10 -> cuda:5  (   17s)
  layer 11 -> cuda:5  (   18s)
  layer 12 -> cuda:5  (   20s)
  layer 13 -> cuda:5  (   21s)
  layer 14 -> cuda:5  (   22s)
  layer 15 -> cuda:5  (   23s)
  layer 16 -> cuda:5  (   25s)
  layer 17 -> cuda:5  (   26s)
  layer 18 -> cuda:5  (   27s)
  layer 19 -> cuda:5  (   29s)
  layer 20 -> cuda:6  (   30s)
  layer 21 -> cuda:6  (   31s)
  layer 22 -> cuda:6  (   33s)
  layer 23 -> cuda:6  (   34s)
  layer 24 -> cuda:6  (   35s)
  layer 25 -> cuda:6  (   36s)
  layer 26 -> cuda:6  (   38s)
  layer 27 -> cuda:6  (   39s)
  layer 28 -> cuda:6  (   40s)
  layer 29 -> cuda:6  (   41s)
  layer 30 -> cuda:7  (   43s)
  layer 31 -> cuda:7  (   44s)
  layer 32 -> cuda:7  (   45s)
  layer 33 -> cuda:7  (   46s)
  layer 34 -> cuda:7  (   48s)
  layer 35 -> cuda:7  (   49s)
  layer 36 -> cuda:7  (   50s)
  layer 37 -> cuda:7  (   52s)
  layer 38 -> cuda:7  (   53s)
  layer 39 -> cuda:7  (   54s)
  engram table layer 1: 91.6 GiB in host RAM (6s)
  engram table layer 14: 91.6 GiB in host RAM (6s)
loaded in 67s
  window 1/24  (7s)
  window 2/24  (12s)
  window 3/24  (17s)
  window 4/24  (22s)
  window 5/24  (27s)
  window 6/24  (32s)
  window 7/24  (37s)
  window 8/24  (41s)
  window 9/24  (46s)
  window 10/24  (51s)
  window 11/24  (56s)
  window 12/24  (61s)
  window 13/24  (66s)
  window 14/24  (71s)
  window 15/24  (76s)
  window 16/24  (80s)
  window 17/24  (85s)
  window 18/24  (90s)
  window 19/24  (95s)
  window 20/24  (100s)
  window 21/24  (105s)
  window 22/24  (110s)
  window 23/24  (115s)
  window 24/24  (120s)

saved results/calib_hess.pt: H13 (40, 384, 5120), H2 (40, 384, 2304); 384/384 experts saw at least one token; routed tokens per expert min/median/max 0/437/24338
