[transformers] You are using a model of type `deepseek_v41` to instantiate a model of type ``. This may be expected if you are loading a checkpoint that shares a subset of the architecture (e.g., loading a `sam2_video` checkpoint into `Sam2Model`), but is otherwise not supported and can yield errors. Please verify that the checkpoint is compatible with the model you are instantiating.
expert shards: {'cuda:4': 97, 'cuda:5': 97, 'cuda:6': 97, 'cuda:7': 93}
placement: {'cuda:4': 10, 'cuda:5': 10, 'cuda:6': 10, 'cuda:7': 10}
/mnt/ssdraid/git/deepseekv4.1/dsv41/stio.py:68: UserWarning: The given buffer is not writable, and PyTorch does not support non-writable tensors. This means you can write to the underlying (supposedly non-writable) buffer using the tensor. You may want to copy the buffer to protect its data or make it writable before converting it to a tensor. This type of warning will be suppressed for the rest of this program. (Triggered internally at /__w/pytorch/pytorch/torch/csrc/utils/tensor_new.cpp:1556.)
  t = torch.frombuffer(memoryview(buf), dtype=torch.uint8).view(TORCH_DTYPE[dtype]).view(shape)
  layer  0 -> cuda:4  (    3s)
  layer  1 -> cuda:4  (    5s)
  layer  2 -> cuda:4  (    7s)
  layer  3 -> cuda:4  (    8s)
  layer  4 -> cuda:4  (   10s)
  layer  5 -> cuda:4  (   11s)
  layer  6 -> cuda:4  (   13s)
  layer  7 -> cuda:4  (   14s)
  layer  8 -> cuda:4  (   16s)
  layer  9 -> cuda:4  (   17s)
  layer 10 -> cuda:5  (   19s)
  layer 11 -> cuda:5  (   20s)
  layer 12 -> cuda:5  (   22s)
  layer 13 -> cuda:5  (   24s)
  layer 14 -> cuda:5  (   25s)
  layer 15 -> cuda:5  (   26s)
  layer 16 -> cuda:5  (   28s)
  layer 17 -> cuda:5  (   29s)
  layer 18 -> cuda:5  (   30s)
  layer 19 -> cuda:5  (   32s)
  layer 20 -> cuda:6  (   34s)
  layer 21 -> cuda:6  (   35s)
  layer 22 -> cuda:6  (   36s)
  layer 23 -> cuda:6  (   38s)
  layer 24 -> cuda:6  (   39s)
  layer 25 -> cuda:6  (   40s)
  layer 26 -> cuda:6  (   41s)
  layer 27 -> cuda:6  (   43s)
  layer 28 -> cuda:6  (   45s)
  layer 29 -> cuda:6  (   46s)
  layer 30 -> cuda:7  (   47s)
  layer 31 -> cuda:7  (   48s)
  layer 32 -> cuda:7  (   50s)
  layer 33 -> cuda:7  (   51s)
  layer 34 -> cuda:7  (   53s)
  layer 35 -> cuda:7  (   54s)
  layer 36 -> cuda:7  (   56s)
  layer 37 -> cuda:7  (   57s)
  layer 38 -> cuda:7  (   58s)
  layer 39 -> cuda:7  (   59s)
  engram table layer 1: 91.6 GiB in host RAM (7s)
  engram table layer 14: 91.6 GiB in host RAM (8s)
loaded in 75s
model loaded in 87s
wikitext-2 test: 287,730 tokens, 8 x 2048 scored
  chunk 1/8: ppl so far 1.7888  (7s)
  chunk 2/8: ppl so far 1.6772  (11s)
  chunk 3/8: ppl so far 1.6481  (15s)
  chunk 4/8: ppl so far 1.9447  (19s)
  chunk 5/8: ppl so far 2.1858  (24s)
  chunk 6/8: ppl so far 2.2036  (28s)
  chunk 7/8: ppl so far 2.2361  (32s)
  chunk 8/8: ppl so far 2.3715  (37s)

PPL = 2.3715  (nll 0.8635 over 16,376 tokens)
appended to results/ppl.jsonl
