[transformers] You are using a model of type `deepseek_v41` to instantiate a model of type ``. This may be expected if you are loading a checkpoint that shares a subset of the architecture (e.g., loading a `sam2_video` checkpoint into `Sam2Model`), but is otherwise not supported and can yield errors. Please verify that the checkpoint is compatible with the model you are instantiating.
expert shards: {'cuda:4': 97, 'cuda:5': 97, 'cuda:6': 97, 'cuda:7': 93}
placement: {'cuda:4': 10, 'cuda:5': 10, 'cuda:6': 10, 'cuda:7': 10}
/mnt/ssdraid/git/deepseekv4.1/dsv41/stio.py:68: UserWarning: The given buffer is not writable, and PyTorch does not support non-writable tensors. This means you can write to the underlying (supposedly non-writable) buffer using the tensor. You may want to copy the buffer to protect its data or make it writable before converting it to a tensor. This type of warning will be suppressed for the rest of this program. (Triggered internally at /__w/pytorch/pytorch/torch/csrc/utils/tensor_new.cpp:1556.)
  t = torch.frombuffer(memoryview(buf), dtype=torch.uint8).view(TORCH_DTYPE[dtype]).view(shape)
  layer  0 -> cuda:4  (    2s)
  layer  1 -> cuda:4  (    4s)
  layer  2 -> cuda:4  (    5s)
  layer  3 -> cuda:4  (    7s)
  layer  4 -> cuda:4  (    8s)
  layer  5 -> cuda:4  (   10s)
  layer  6 -> cuda:4  (   11s)
  layer  7 -> cuda:4  (   13s)
  layer  8 -> cuda:4  (   14s)
  layer  9 -> cuda:4  (   15s)
  layer 10 -> cuda:5  (   17s)
  layer 11 -> cuda:5  (   18s)
  layer 12 -> cuda:5  (   20s)
  layer 13 -> cuda:5  (   21s)
  layer 14 -> cuda:5  (   22s)
  layer 15 -> cuda:5  (   24s)
  layer 16 -> cuda:5  (   25s)
  layer 17 -> cuda:5  (   27s)
  layer 18 -> cuda:5  (   28s)
  layer 19 -> cuda:5  (   29s)
  layer 20 -> cuda:6  (   31s)
  layer 21 -> cuda:6  (   32s)
  layer 22 -> cuda:6  (   33s)
  layer 23 -> cuda:6  (   35s)
  layer 24 -> cuda:6  (   36s)
  layer 25 -> cuda:6  (   37s)
  layer 26 -> cuda:6  (   39s)
  layer 27 -> cuda:6  (   40s)
  layer 28 -> cuda:6  (   41s)
  layer 29 -> cuda:6  (   43s)
  layer 30 -> cuda:7  (   44s)
  layer 31 -> cuda:7  (   45s)
  layer 32 -> cuda:7  (   47s)
  layer 33 -> cuda:7  (   48s)
  layer 34 -> cuda:7  (   49s)
  layer 35 -> cuda:7  (   51s)
  layer 36 -> cuda:7  (   52s)
  layer 37 -> cuda:7  (   53s)
  layer 38 -> cuda:7  (   55s)
  layer 39 -> cuda:7  (   56s)
  engram table layer 1: 91.6 GiB in host RAM (6s)
  engram table layer 14: 91.6 GiB in host RAM (6s)
loaded in 69s
model loaded in 80s
bandwidth-optimal allocation at batch 32: transferred 3.500 bit/weight, stored 3.238
Traceback (most recent call last):
  File "/mnt/ssdraid/git/deepseekv4.1/compression/ppl.py", line 335, in <module>
    main()
  File "/mnt/ssdraid/git/deepseekv4.1/compression/ppl.py", line 303, in main
    vq_stats = requantize_mixed(model, {3.0: "results/vq_3.0.npz", 3.5: "results/vq_3.5.npz"},
               ^^^^^^^^^^^^^^^^^^^^^^^^^^^^^^^^^^^^^^^^^^^^^^^^^^^^^^^^^^^^^^^^^^^^^^^^^^^^^^^
  File "/mnt/ssdraid/git/deepseekv4.1/compression/ppl.py", line 160, in requantize_mixed
    b = balloc[blk.layer_id] if bw_batch else allocate(mass[blk.layer_id], target)
        ~~~~~~^^^^^^^^^^^^^^
TypeError: 'NoneType' object is not subscriptable
[transformers] You are using a model of type `deepseek_v41` to instantiate a model of type ``. This may be expected if you are loading a checkpoint that shares a subset of the architecture (e.g., loading a `sam2_video` checkpoint into `Sam2Model`), but is otherwise not supported and can yield errors. Please verify that the checkpoint is compatible with the model you are instantiating.
expert shards: {'cuda:4': 97, 'cuda:5': 97, 'cuda:6': 97, 'cuda:7': 93}
placement: {'cuda:4': 10, 'cuda:5': 10, 'cuda:6': 10, 'cuda:7': 10}
/mnt/ssdraid/git/deepseekv4.1/dsv41/stio.py:68: UserWarning: The given buffer is not writable, and PyTorch does not support non-writable tensors. This means you can write to the underlying (supposedly non-writable) buffer using the tensor. You may want to copy the buffer to protect its data or make it writable before converting it to a tensor. This type of warning will be suppressed for the rest of this program. (Triggered internally at /__w/pytorch/pytorch/torch/csrc/utils/tensor_new.cpp:1556.)
  t = torch.frombuffer(memoryview(buf), dtype=torch.uint8).view(TORCH_DTYPE[dtype]).view(shape)
  layer  0 -> cuda:4  (    3s)
  layer  1 -> cuda:4  (    4s)
  layer  2 -> cuda:4  (    6s)
  layer  3 -> cuda:4  (    7s)
  layer  4 -> cuda:4  (    9s)
  layer  5 -> cuda:4  (   10s)
  layer  6 -> cuda:4  (   12s)
  layer  7 -> cuda:4  (   13s)
  layer  8 -> cuda:4  (   14s)
  layer  9 -> cuda:4  (   16s)
  layer 10 -> cuda:5  (   17s)
  layer 11 -> cuda:5  (   19s)
  layer 12 -> cuda:5  (   20s)
  layer 13 -> cuda:5  (   22s)
  layer 14 -> cuda:5  (   23s)
  layer 15 -> cuda:5  (   24s)
  layer 16 -> cuda:5  (   26s)
  layer 17 -> cuda:5  (   27s)
  layer 18 -> cuda:5  (   28s)
  layer 19 -> cuda:5  (   30s)
  layer 20 -> cuda:6  (   31s)
  layer 21 -> cuda:6  (   32s)
  layer 22 -> cuda:6  (   34s)
  layer 23 -> cuda:6  (   35s)
  layer 24 -> cuda:6  (   36s)
  layer 25 -> cuda:6  (   38s)
  layer 26 -> cuda:6  (   39s)
  layer 27 -> cuda:6  (   40s)
  layer 28 -> cuda:6  (   41s)
  layer 29 -> cuda:6  (   43s)
  layer 30 -> cuda:7  (   44s)
  layer 31 -> cuda:7  (   45s)
  layer 32 -> cuda:7  (   47s)
  layer 33 -> cuda:7  (   48s)
  layer 34 -> cuda:7  (   49s)
  layer 35 -> cuda:7  (   50s)
  layer 36 -> cuda:7  (   52s)
  layer 37 -> cuda:7  (   53s)
  layer 38 -> cuda:7  (   54s)
  layer 39 -> cuda:7  (   56s)
  engram table layer 1: 91.6 GiB in host RAM (6s)
  engram table layer 14: 91.6 GiB in host RAM (6s)
loaded in 69s
model loaded in 80s
wikitext-2 test: 265,139 tokens, 12 x 2048 scored
  chunk 1/12: ppl so far 1.1993  (6s)
  chunk 2/12: ppl so far 1.2742  (11s)
  chunk 3/12: ppl so far 1.2916  (15s)
  chunk 4/12: ppl so far 1.2775  (19s)
  chunk 5/12: ppl so far 1.2773  (23s)
  chunk 6/12: ppl so far 1.2801  (27s)
  chunk 7/12: ppl so far 1.2757  (32s)
  chunk 8/12: ppl so far 1.2676  (36s)
  chunk 9/12: ppl so far 1.2705  (40s)
  chunk 10/12: ppl so far 1.2567  (44s)
  chunk 11/12: ppl so far 1.2862  (48s)
  chunk 12/12: ppl so far 1.2826  (52s)

PPL = 1.2826  (nll 0.2489 over 24,564 tokens)
appended to results/ppl.jsonl
[transformers] You are using a model of type `deepseek_v41` to instantiate a model of type ``. This may be expected if you are loading a checkpoint that shares a subset of the architecture (e.g., loading a `sam2_video` checkpoint into `Sam2Model`), but is otherwise not supported and can yield errors. Please verify that the checkpoint is compatible with the model you are instantiating.
expert shards: {'cuda:4': 97, 'cuda:5': 97, 'cuda:6': 97, 'cuda:7': 93}
placement: {'cuda:4': 10, 'cuda:5': 10, 'cuda:6': 10, 'cuda:7': 10}
/mnt/ssdraid/git/deepseekv4.1/dsv41/stio.py:68: UserWarning: The given buffer is not writable, and PyTorch does not support non-writable tensors. This means you can write to the underlying (supposedly non-writable) buffer using the tensor. You may want to copy the buffer to protect its data or make it writable before converting it to a tensor. This type of warning will be suppressed for the rest of this program. (Triggered internally at /__w/pytorch/pytorch/torch/csrc/utils/tensor_new.cpp:1556.)
  t = torch.frombuffer(memoryview(buf), dtype=torch.uint8).view(TORCH_DTYPE[dtype]).view(shape)
  layer  0 -> cuda:4  (    2s)
  layer  1 -> cuda:4  (    4s)
  layer  2 -> cuda:4  (    5s)
  layer  3 -> cuda:4  (    7s)
  layer  4 -> cuda:4  (    8s)
  layer  5 -> cuda:4  (   10s)
  layer  6 -> cuda:4  (   11s)
  layer  7 -> cuda:4  (   12s)
  layer  8 -> cuda:4  (   14s)
  layer  9 -> cuda:4  (   15s)
  layer 10 -> cuda:5  (   16s)
  layer 11 -> cuda:5  (   18s)
  layer 12 -> cuda:5  (   19s)
  layer 13 -> cuda:5  (   20s)
  layer 14 -> cuda:5  (   22s)
  layer 15 -> cuda:5  (   23s)
  layer 16 -> cuda:5  (   24s)
  layer 17 -> cuda:5  (   26s)
  layer 18 -> cuda:5  (   27s)
  layer 19 -> cuda:5  (   28s)
  layer 20 -> cuda:6  (   30s)
  layer 21 -> cuda:6  (   31s)
  layer 22 -> cuda:6  (   32s)
  layer 23 -> cuda:6  (   34s)
  layer 24 -> cuda:6  (   35s)
  layer 25 -> cuda:6  (   36s)
  layer 26 -> cuda:6  (   37s)
  layer 27 -> cuda:6  (   39s)
  layer 28 -> cuda:6  (   40s)
  layer 29 -> cuda:6  (   41s)
  layer 30 -> cuda:7  (   43s)
  layer 31 -> cuda:7  (   44s)
  layer 32 -> cuda:7  (   45s)
  layer 33 -> cuda:7  (   46s)
  layer 34 -> cuda:7  (   48s)
  layer 35 -> cuda:7  (   49s)
  layer 36 -> cuda:7  (   50s)
  layer 37 -> cuda:7  (   52s)
  layer 38 -> cuda:7  (   53s)
  layer 39 -> cuda:7  (   54s)
  engram table layer 1: 91.6 GiB in host RAM (6s)
  engram table layer 14: 91.6 GiB in host RAM (6s)
loaded in 67s
model loaded in 77s
re-quantized 271.79 GB of expert payload in 40 layers (2.1s)
wikitext-2 test: 265,139 tokens, 12 x 2048 scored
  chunk 1/12: ppl so far 1.2002  (6s)
  chunk 2/12: ppl so far 1.2814  (11s)
  chunk 3/12: ppl so far 1.2958  (15s)
  chunk 4/12: ppl so far 1.2818  (19s)
  chunk 5/12: ppl so far 1.2794  (23s)
  chunk 6/12: ppl so far 1.2847  (27s)
  chunk 7/12: ppl so far 1.2792  (31s)
  chunk 8/12: ppl so far 1.2714  (36s)
  chunk 9/12: ppl so far 1.2755  (40s)
  chunk 10/12: ppl so far 1.2602  (44s)
  chunk 11/12: ppl so far 1.2899  (48s)
  chunk 12/12: ppl so far 1.2853  (52s)

PPL = 1.2853  (nll 0.2510 over 24,564 tokens)
appended to results/ppl.jsonl
[transformers] You are using a model of type `deepseek_v41` to instantiate a model of type ``. This may be expected if you are loading a checkpoint that shares a subset of the architecture (e.g., loading a `sam2_video` checkpoint into `Sam2Model`), but is otherwise not supported and can yield errors. Please verify that the checkpoint is compatible with the model you are instantiating.
expert shards: {'cuda:4': 97, 'cuda:5': 97, 'cuda:6': 97, 'cuda:7': 93}
placement: {'cuda:4': 10, 'cuda:5': 10, 'cuda:6': 10, 'cuda:7': 10}
/mnt/ssdraid/git/deepseekv4.1/dsv41/stio.py:68: UserWarning: The given buffer is not writable, and PyTorch does not support non-writable tensors. This means you can write to the underlying (supposedly non-writable) buffer using the tensor. You may want to copy the buffer to protect its data or make it writable before converting it to a tensor. This type of warning will be suppressed for the rest of this program. (Triggered internally at /__w/pytorch/pytorch/torch/csrc/utils/tensor_new.cpp:1556.)
  t = torch.frombuffer(memoryview(buf), dtype=torch.uint8).view(TORCH_DTYPE[dtype]).view(shape)
  layer  0 -> cuda:4  (    2s)
  layer  1 -> cuda:4  (    4s)
  layer  2 -> cuda:4  (    5s)
  layer  3 -> cuda:4  (    7s)
  layer  4 -> cuda:4  (    8s)
  layer  5 -> cuda:4  (    9s)
  layer  6 -> cuda:4  (   11s)
  layer  7 -> cuda:4  (   12s)
  layer  8 -> cuda:4  (   14s)
  layer  9 -> cuda:4  (   15s)
  layer 10 -> cuda:5  (   16s)
  layer 11 -> cuda:5  (   18s)
  layer 12 -> cuda:5  (   19s)
  layer 13 -> cuda:5  (   21s)
  layer 14 -> cuda:5  (   22s)
  layer 15 -> cuda:5  (   23s)
  layer 16 -> cuda:5  (   24s)
  layer 17 -> cuda:5  (   26s)
  layer 18 -> cuda:5  (   27s)
  layer 19 -> cuda:5  (   28s)
  layer 20 -> cuda:6  (   30s)
  layer 21 -> cuda:6  (   31s)
  layer 22 -> cuda:6  (   32s)
  layer 23 -> cuda:6  (   34s)
  layer 24 -> cuda:6  (   35s)
  layer 25 -> cuda:6  (   37s)
  layer 26 -> cuda:6  (   38s)
  layer 27 -> cuda:6  (   40s)
  layer 28 -> cuda:6  (   41s)
  layer 29 -> cuda:6  (   42s)
  layer 30 -> cuda:7  (   44s)
  layer 31 -> cuda:7  (   45s)
  layer 32 -> cuda:7  (   47s)
  layer 33 -> cuda:7  (   48s)
  layer 34 -> cuda:7  (   49s)
  layer 35 -> cuda:7  (   51s)
  layer 36 -> cuda:7  (   52s)
  layer 37 -> cuda:7  (   53s)
  layer 38 -> cuda:7  (   55s)
  layer 39 -> cuda:7  (   56s)
  engram table layer 1: 91.6 GiB in host RAM (6s)
  engram table layer 14: 91.6 GiB in host RAM (6s)
loaded in 70s
model loaded in 82s
mixed precision: mean 3.501 bit/weight, histogram {3.5: 2016, 3.0: 6663, 4.0: 6681} (1s)
wikitext-2 test: 265,139 tokens, 12 x 2048 scored
  chunk 1/12: ppl so far 1.2028  (7s)
  chunk 2/12: ppl so far 1.2892  (11s)
  chunk 3/12: ppl so far 1.2964  (15s)
  chunk 4/12: ppl so far 1.2820  (19s)
  chunk 5/12: ppl so far 1.2833  (24s)
  chunk 6/12: ppl so far 1.2885  (28s)
  chunk 7/12: ppl so far 1.2842  (32s)
  chunk 8/12: ppl so far 1.2761  (36s)
  chunk 9/12: ppl so far 1.2794  (40s)
  chunk 10/12: ppl so far 1.2637  (44s)
  chunk 11/12: ppl so far 1.2926  (48s)
  chunk 12/12: ppl so far 1.2880  (52s)

PPL = 1.2880  (nll 0.2531 over 24,564 tokens)
appended to results/ppl.jsonl
[transformers] You are using a model of type `deepseek_v41` to instantiate a model of type ``. This may be expected if you are loading a checkpoint that shares a subset of the architecture (e.g., loading a `sam2_video` checkpoint into `Sam2Model`), but is otherwise not supported and can yield errors. Please verify that the checkpoint is compatible with the model you are instantiating.
expert shards: {'cuda:4': 97, 'cuda:5': 97, 'cuda:6': 97, 'cuda:7': 93}
placement: {'cuda:4': 10, 'cuda:5': 10, 'cuda:6': 10, 'cuda:7': 10}
/mnt/ssdraid/git/deepseekv4.1/dsv41/stio.py:68: UserWarning: The given buffer is not writable, and PyTorch does not support non-writable tensors. This means you can write to the underlying (supposedly non-writable) buffer using the tensor. You may want to copy the buffer to protect its data or make it writable before converting it to a tensor. This type of warning will be suppressed for the rest of this program. (Triggered internally at /__w/pytorch/pytorch/torch/csrc/utils/tensor_new.cpp:1556.)
  t = torch.frombuffer(memoryview(buf), dtype=torch.uint8).view(TORCH_DTYPE[dtype]).view(shape)
  layer  0 -> cuda:4  (    2s)
  layer  1 -> cuda:4  (    4s)
  layer  2 -> cuda:4  (    5s)
  layer  3 -> cuda:4  (    7s)
  layer  4 -> cuda:4  (    8s)
  layer  5 -> cuda:4  (   10s)
  layer  6 -> cuda:4  (   11s)
  layer  7 -> cuda:4  (   12s)
  layer  8 -> cuda:4  (   14s)
  layer  9 -> cuda:4  (   15s)
  layer 10 -> cuda:5  (   17s)
  layer 11 -> cuda:5  (   18s)
  layer 12 -> cuda:5  (   19s)
  layer 13 -> cuda:5  (   21s)
  layer 14 -> cuda:5  (   22s)
  layer 15 -> cuda:5  (   24s)
  layer 16 -> cuda:5  (   25s)
  layer 17 -> cuda:5  (   26s)
  layer 18 -> cuda:5  (   27s)
  layer 19 -> cuda:5  (   29s)
  layer 20 -> cuda:6  (   30s)
  layer 21 -> cuda:6  (   32s)
  layer 22 -> cuda:6  (   33s)
  layer 23 -> cuda:6  (   34s)
  layer 24 -> cuda:6  (   35s)
  layer 25 -> cuda:6  (   37s)
  layer 26 -> cuda:6  (   38s)
  layer 27 -> cuda:6  (   39s)
  layer 28 -> cuda:6  (   41s)
  layer 29 -> cuda:6  (   42s)
  layer 30 -> cuda:7  (   43s)
  layer 31 -> cuda:7  (   45s)
  layer 32 -> cuda:7  (   46s)
  layer 33 -> cuda:7  (   47s)
  layer 34 -> cuda:7  (   48s)
  layer 35 -> cuda:7  (   50s)
  layer 36 -> cuda:7  (   51s)
  layer 37 -> cuda:7  (   52s)
  layer 38 -> cuda:7  (   53s)
  layer 39 -> cuda:7  (   55s)
  engram table layer 1: 91.6 GiB in host RAM (6s)
  engram table layer 14: 91.6 GiB in host RAM (6s)
loaded in 68s
model loaded in 79s
mixed precision: mean 3.465 bit/weight, histogram {3.0: 7849, 4.0: 6857, 3.5: 517, 3.25: 137} (1s)
wikitext-2 test: 265,139 tokens, 12 x 2048 scored
  chunk 1/12: ppl so far 1.1991  (7s)
  chunk 2/12: ppl so far 1.2862  (11s)
  chunk 3/12: ppl so far 1.2991  (15s)
  chunk 4/12: ppl so far 1.2823  (19s)
  chunk 5/12: ppl so far 1.2819  (23s)
  chunk 6/12: ppl so far 1.2870  (27s)
  chunk 7/12: ppl so far 1.2833  (32s)
  chunk 8/12: ppl so far 1.2750  (36s)
  chunk 9/12: ppl so far 1.2782  (40s)
  chunk 10/12: ppl so far 1.2640  (44s)
  chunk 11/12: ppl so far 1.2930  (48s)
  chunk 12/12: ppl so far 1.2875  (52s)

PPL = 1.2875  (nll 0.2527 over 24,564 tokens)
appended to results/ppl.jsonl
[transformers] You are using a model of type `deepseek_v41` to instantiate a model of type ``. This may be expected if you are loading a checkpoint that shares a subset of the architecture (e.g., loading a `sam2_video` checkpoint into `Sam2Model`), but is otherwise not supported and can yield errors. Please verify that the checkpoint is compatible with the model you are instantiating.
expert shards: {'cuda:4': 97, 'cuda:5': 97, 'cuda:6': 97, 'cuda:7': 93}
placement: {'cuda:4': 10, 'cuda:5': 10, 'cuda:6': 10, 'cuda:7': 10}
/mnt/ssdraid/git/deepseekv4.1/dsv41/stio.py:68: UserWarning: The given buffer is not writable, and PyTorch does not support non-writable tensors. This means you can write to the underlying (supposedly non-writable) buffer using the tensor. You may want to copy the buffer to protect its data or make it writable before converting it to a tensor. This type of warning will be suppressed for the rest of this program. (Triggered internally at /__w/pytorch/pytorch/torch/csrc/utils/tensor_new.cpp:1556.)
  t = torch.frombuffer(memoryview(buf), dtype=torch.uint8).view(TORCH_DTYPE[dtype]).view(shape)
  layer  0 -> cuda:4  (    2s)
  layer  1 -> cuda:4  (    4s)
  layer  2 -> cuda:4  (    5s)
  layer  3 -> cuda:4  (    7s)
  layer  4 -> cuda:4  (    8s)
  layer  5 -> cuda:4  (   10s)
  layer  6 -> cuda:4  (   11s)
  layer  7 -> cuda:4  (   12s)
  layer  8 -> cuda:4  (   14s)
  layer  9 -> cuda:4  (   15s)
  layer 10 -> cuda:5  (   16s)
  layer 11 -> cuda:5  (   18s)
  layer 12 -> cuda:5  (   19s)
  layer 13 -> cuda:5  (   21s)
  layer 14 -> cuda:5  (   22s)
  layer 15 -> cuda:5  (   23s)
  layer 16 -> cuda:5  (   24s)
  layer 17 -> cuda:5  (   26s)
  layer 18 -> cuda:5  (   27s)
  layer 19 -> cuda:5  (   28s)
  layer 20 -> cuda:6  (   30s)
  layer 21 -> cuda:6  (   31s)
  layer 22 -> cuda:6  (   32s)
  layer 23 -> cuda:6  (   34s)
  layer 24 -> cuda:6  (   35s)
  layer 25 -> cuda:6  (   36s)
  layer 26 -> cuda:6  (   37s)
  layer 27 -> cuda:6  (   39s)
  layer 28 -> cuda:6  (   40s)
  layer 29 -> cuda:6  (   41s)
  layer 30 -> cuda:7  (   42s)
  layer 31 -> cuda:7  (   44s)
  layer 32 -> cuda:7  (   45s)
  layer 33 -> cuda:7  (   46s)
  layer 34 -> cuda:7  (   48s)
  layer 35 -> cuda:7  (   49s)
  layer 36 -> cuda:7  (   50s)
  layer 37 -> cuda:7  (   51s)
  layer 38 -> cuda:7  (   53s)
  layer 39 -> cuda:7  (   54s)
  engram table layer 1: 91.6 GiB in host RAM (6s)
  engram table layer 14: 91.6 GiB in host RAM (6s)
loaded in 67s
model loaded in 76s
mixed precision: mean 3.386 bit/weight, histogram {4.0: 5847, 3.0: 9320, 3.5: 155, 3.25: 38} (2s)
wikitext-2 test: 265,139 tokens, 12 x 2048 scored
  chunk 1/12: ppl so far 1.2084  (7s)
  chunk 2/12: ppl so far 1.2957  (11s)
  chunk 3/12: ppl so far 1.3031  (15s)
  chunk 4/12: ppl so far 1.2877  (19s)
  chunk 5/12: ppl so far 1.2884  (23s)
  chunk 6/12: ppl so far 1.2919  (27s)
  chunk 7/12: ppl so far 1.2876  (32s)
  chunk 8/12: ppl so far 1.2799  (36s)
  chunk 9/12: ppl so far 1.2829  (40s)
  chunk 10/12: ppl so far 1.2665  (44s)
  chunk 11/12: ppl so far 1.2973  (48s)
  chunk 12/12: ppl so far 1.2916  (52s)

PPL = 1.2916  (nll 0.2559 over 24,564 tokens)
appended to results/ppl.jsonl
