[transformers] You are using a model of type `deepseek_v41` to instantiate a model of type ``. This may be expected if you are loading a checkpoint that shares a subset of the architecture (e.g., loading a `sam2_video` checkpoint into `Sam2Model`), but is otherwise not supported and can yield errors. Please verify that the checkpoint is compatible with the model you are instantiating.
expert shards: {'cuda:4': 97, 'cuda:5': 97, 'cuda:6': 97, 'cuda:7': 93}
placement: {'cuda:4': 10, 'cuda:5': 10, 'cuda:6': 10, 'cuda:7': 10}
/mnt/ssdraid/git/deepseekv4.1/dsv41/stio.py:68: UserWarning: The given buffer is not writable, and PyTorch does not support non-writable tensors. This means you can write to the underlying (supposedly non-writable) buffer using the tensor. You may want to copy the buffer to protect its data or make it writable before converting it to a tensor. This type of warning will be suppressed for the rest of this program. (Triggered internally at /__w/pytorch/pytorch/torch/csrc/utils/tensor_new.cpp:1556.)
  t = torch.frombuffer(memoryview(buf), dtype=torch.uint8).view(TORCH_DTYPE[dtype]).view(shape)
  layer  0 -> cuda:4  (    3s)
  layer  1 -> cuda:4  (    4s)
  layer  2 -> cuda:4  (    6s)
  layer  3 -> cuda:4  (    7s)
  layer  4 -> cuda:4  (    8s)
  layer  5 -> cuda:4  (   10s)
  layer  6 -> cuda:4  (   11s)
  layer  7 -> cuda:4  (   13s)
  layer  8 -> cuda:4  (   14s)
  layer  9 -> cuda:4  (   15s)
  layer 10 -> cuda:5  (   17s)
  layer 11 -> cuda:5  (   18s)
  layer 12 -> cuda:5  (   19s)
  layer 13 -> cuda:5  (   21s)
  layer 14 -> cuda:5  (   22s)
  layer 15 -> cuda:5  (   23s)
  layer 16 -> cuda:5  (   25s)
  layer 17 -> cuda:5  (   26s)
  layer 18 -> cuda:5  (   27s)
  layer 19 -> cuda:5  (   29s)
  layer 20 -> cuda:6  (   30s)
  layer 21 -> cuda:6  (   31s)
  layer 22 -> cuda:6  (   32s)
  layer 23 -> cuda:6  (   34s)
  layer 24 -> cuda:6  (   35s)
  layer 25 -> cuda:6  (   36s)
  layer 26 -> cuda:6  (   38s)
  layer 27 -> cuda:6  (   39s)
  layer 28 -> cuda:6  (   40s)
  layer 29 -> cuda:6  (   41s)
  layer 30 -> cuda:7  (   43s)
  layer 31 -> cuda:7  (   44s)
  layer 32 -> cuda:7  (   45s)
  layer 33 -> cuda:7  (   46s)
  layer 34 -> cuda:7  (   48s)
  layer 35 -> cuda:7  (   49s)
  layer 36 -> cuda:7  (   50s)
  layer 37 -> cuda:7  (   52s)
  layer 38 -> cuda:7  (   53s)
  layer 39 -> cuda:7  (   54s)
  engram table layer 1: 91.6 GiB in host RAM (6s)
  engram table layer 14: 91.6 GiB in host RAM (6s)
loaded in 68s
model loaded in 77s
  layer 0 done (13s)
  layer 1 done (27s)
  layer 2 done (40s)
  layer 3 done (53s)
  layer 4 done (67s)
  layer 5 done (80s)
  layer 6 done (93s)
  layer 7 done (106s)
  layer 8 done (120s)
  layer 9 done (133s)
  layer 10 done (146s)
  layer 11 done (160s)
  layer 12 done (173s)
  layer 13 done (186s)
  layer 14 done (200s)
  layer 15 done (213s)
  layer 16 done (226s)
  layer 17 done (239s)
  layer 18 done (253s)
  layer 19 done (266s)
  layer 20 done (279s)
  layer 21 done (292s)
  layer 22 done (306s)
  layer 23 done (319s)
  layer 24 done (332s)
  layer 25 done (346s)
  layer 26 done (359s)
  layer 27 done (372s)
  layer 28 done (385s)
  layer 29 done (399s)
  layer 30 done (412s)
  layer 31 done (425s)
  layer 32 done (438s)
  layer 33 done (452s)
  layer 34 done (465s)
  layer 35 done (478s)
  layer 36 done (491s)
  layer 37 done (504s)
  layer 38 done (518s)
  layer 39 done (531s)
calibrated re-quantization of 271.79 GB in 40 layers (531s, 116 unseen expert-matrices fell back to plain VQ)
wikitext-2 test: 287,730 tokens, 16 x 2048 scored
  chunk 1/16: ppl so far 1.8880  (6s)
  chunk 2/16: ppl so far 1.7665  (11s)
  chunk 3/16: ppl so far 1.7433  (15s)
  chunk 4/16: ppl so far 2.0549  (19s)
  chunk 5/16: ppl so far 2.2872  (23s)
  chunk 6/16: ppl so far 2.2986  (28s)
  chunk 7/16: ppl so far 2.3311  (32s)
  chunk 8/16: ppl so far 2.4672  (36s)
  chunk 9/16: ppl so far 2.6211  (40s)
  chunk 10/16: ppl so far 2.8371  (45s)
  chunk 11/16: ppl so far 2.8963  (49s)
  chunk 12/16: ppl so far 2.9440  (53s)
  chunk 13/16: ppl so far 2.9425  (57s)
  chunk 14/16: ppl so far 3.0305  (62s)
  chunk 15/16: ppl so far 3.0946  (66s)
  chunk 16/16: ppl so far 3.1929  (70s)

PPL = 3.1929  (nll 1.1609 over 32,752 tokens)
appended to results/ppl.jsonl
[transformers] You are using a model of type `deepseek_v41` to instantiate a model of type ``. This may be expected if you are loading a checkpoint that shares a subset of the architecture (e.g., loading a `sam2_video` checkpoint into `Sam2Model`), but is otherwise not supported and can yield errors. Please verify that the checkpoint is compatible with the model you are instantiating.
expert shards: {'cuda:4': 97, 'cuda:5': 97, 'cuda:6': 97, 'cuda:7': 93}
placement: {'cuda:4': 10, 'cuda:5': 10, 'cuda:6': 10, 'cuda:7': 10}
/mnt/ssdraid/git/deepseekv4.1/dsv41/stio.py:68: UserWarning: The given buffer is not writable, and PyTorch does not support non-writable tensors. This means you can write to the underlying (supposedly non-writable) buffer using the tensor. You may want to copy the buffer to protect its data or make it writable before converting it to a tensor. This type of warning will be suppressed for the rest of this program. (Triggered internally at /__w/pytorch/pytorch/torch/csrc/utils/tensor_new.cpp:1556.)
  t = torch.frombuffer(memoryview(buf), dtype=torch.uint8).view(TORCH_DTYPE[dtype]).view(shape)
  layer  0 -> cuda:4  (    3s)
  layer  1 -> cuda:4  (    4s)
  layer  2 -> cuda:4  (    6s)
  layer  3 -> cuda:4  (    7s)
  layer  4 -> cuda:4  (    8s)
  layer  5 -> cuda:4  (   10s)
  layer  6 -> cuda:4  (   11s)
  layer  7 -> cuda:4  (   13s)
  layer  8 -> cuda:4  (   14s)
  layer  9 -> cuda:4  (   15s)
  layer 10 -> cuda:5  (   17s)
  layer 11 -> cuda:5  (   18s)
  layer 12 -> cuda:5  (   19s)
  layer 13 -> cuda:5  (   21s)
  layer 14 -> cuda:5  (   22s)
  layer 15 -> cuda:5  (   23s)
  layer 16 -> cuda:5  (   25s)
  layer 17 -> cuda:5  (   26s)
  layer 18 -> cuda:5  (   27s)
  layer 19 -> cuda:5  (   29s)
  layer 20 -> cuda:6  (   30s)
  layer 21 -> cuda:6  (   31s)
  layer 22 -> cuda:6  (   33s)
  layer 23 -> cuda:6  (   34s)
  layer 24 -> cuda:6  (   35s)
  layer 25 -> cuda:6  (   36s)
  layer 26 -> cuda:6  (   38s)
  layer 27 -> cuda:6  (   39s)
  layer 28 -> cuda:6  (   40s)
  layer 29 -> cuda:6  (   42s)
  layer 30 -> cuda:7  (   43s)
  layer 31 -> cuda:7  (   44s)
  layer 32 -> cuda:7  (   45s)
  layer 33 -> cuda:7  (   47s)
  layer 34 -> cuda:7  (   48s)
  layer 35 -> cuda:7  (   49s)
  layer 36 -> cuda:7  (   50s)
  layer 37 -> cuda:7  (   52s)
  layer 38 -> cuda:7  (   53s)
  layer 39 -> cuda:7  (   54s)
  engram table layer 1: 91.6 GiB in host RAM (6s)
  engram table layer 14: 91.6 GiB in host RAM (6s)
loaded in 67s
model loaded in 77s
  layer 0 done (14s)
  layer 1 done (28s)
  layer 2 done (42s)
  layer 3 done (56s)
  layer 4 done (70s)
  layer 5 done (84s)
  layer 6 done (97s)
  layer 7 done (111s)
  layer 8 done (125s)
  layer 9 done (139s)
  layer 10 done (153s)
  layer 11 done (167s)
  layer 12 done (181s)
  layer 13 done (195s)
  layer 14 done (209s)
  layer 15 done (223s)
  layer 16 done (237s)
  layer 17 done (250s)
  layer 18 done (264s)
  layer 19 done (278s)
  layer 20 done (292s)
  layer 21 done (306s)
  layer 22 done (320s)
  layer 23 done (334s)
  layer 24 done (348s)
  layer 25 done (361s)
  layer 26 done (375s)
  layer 27 done (389s)
  layer 28 done (403s)
  layer 29 done (417s)
  layer 30 done (431s)
  layer 31 done (445s)
  layer 32 done (459s)
  layer 33 done (472s)
  layer 34 done (486s)
  layer 35 done (500s)
  layer 36 done (514s)
  layer 37 done (528s)
  layer 38 done (541s)
  layer 39 done (555s)
calibrated re-quantization of 271.79 GB in 40 layers (555s, 116 unseen expert-matrices fell back to plain VQ)
wikitext-2 test: 287,730 tokens, 16 x 2048 scored
  chunk 1/16: ppl so far 1.8041  (6s)
  chunk 2/16: ppl so far 1.6900  (11s)
  chunk 3/16: ppl so far 1.6720  (15s)
  chunk 4/16: ppl so far 1.9781  (19s)
  chunk 5/16: ppl so far 2.2196  (23s)
  chunk 6/16: ppl so far 2.2506  (28s)
  chunk 7/16: ppl so far 2.2786  (32s)
  chunk 8/16: ppl so far 2.4101  (36s)
  chunk 9/16: ppl so far 2.5567  (40s)
  chunk 10/16: ppl so far 2.7740  (45s)
  chunk 11/16: ppl so far 2.8363  (49s)
  chunk 12/16: ppl so far 2.8777  (53s)
  chunk 13/16: ppl so far 2.8720  (57s)
  chunk 14/16: ppl so far 2.9617  (62s)
  chunk 15/16: ppl so far 3.0250  (66s)
  chunk 16/16: ppl so far 3.1256  (70s)

PPL = 3.1256  (nll 1.1396 over 32,752 tokens)
appended to results/ppl.jsonl
