[transformers] You are using a model of type `deepseek_v41` to instantiate a model of type ``. This may be expected if you are loading a checkpoint that shares a subset of the architecture (e.g., loading a `sam2_video` checkpoint into `Sam2Model`), but is otherwise not supported and can yield errors. Please verify that the checkpoint is compatible with the model you are instantiating.
expert shards: {'cuda:4': 97, 'cuda:5': 97, 'cuda:6': 97, 'cuda:7': 93}
placement: {'cuda:4': 10, 'cuda:5': 10, 'cuda:6': 10, 'cuda:7': 10}
/mnt/ssdraid/git/deepseekv4.1/dsv41/stio.py:68: UserWarning: The given buffer is not writable, and PyTorch does not support non-writable tensors. This means you can write to the underlying (supposedly non-writable) buffer using the tensor. You may want to copy the buffer to protect its data or make it writable before converting it to a tensor. This type of warning will be suppressed for the rest of this program. (Triggered internally at /__w/pytorch/pytorch/torch/csrc/utils/tensor_new.cpp:1556.)
  t = torch.frombuffer(memoryview(buf), dtype=torch.uint8).view(TORCH_DTYPE[dtype]).view(shape)
  layer  0 -> cuda:4  (    3s)
  layer  1 -> cuda:4  (    4s)
  layer  2 -> cuda:4  (    6s)
  layer  3 -> cuda:4  (    7s)
  layer  4 -> cuda:4  (    8s)
  layer  5 -> cuda:4  (   10s)
  layer  6 -> cuda:4  (   11s)
  layer  7 -> cuda:4  (   13s)
  layer  8 -> cuda:4  (   14s)
  layer  9 -> cuda:4  (   15s)
  layer 10 -> cuda:5  (   17s)
  layer 11 -> cuda:5  (   18s)
  layer 12 -> cuda:5  (   20s)
  layer 13 -> cuda:5  (   21s)
  layer 14 -> cuda:5  (   22s)
  layer 15 -> cuda:5  (   24s)
  layer 16 -> cuda:5  (   25s)
  layer 17 -> cuda:5  (   26s)
  layer 18 -> cuda:5  (   27s)
  layer 19 -> cuda:5  (   29s)
  layer 20 -> cuda:6  (   30s)
  layer 21 -> cuda:6  (   31s)
  layer 22 -> cuda:6  (   33s)
  layer 23 -> cuda:6  (   34s)
  layer 24 -> cuda:6  (   35s)
  layer 25 -> cuda:6  (   36s)
  layer 26 -> cuda:6  (   38s)
  layer 27 -> cuda:6  (   39s)
  layer 28 -> cuda:6  (   40s)
  layer 29 -> cuda:6  (   42s)
  layer 30 -> cuda:7  (   43s)
  layer 31 -> cuda:7  (   44s)
  layer 32 -> cuda:7  (   45s)
  layer 33 -> cuda:7  (   47s)
  layer 34 -> cuda:7  (   48s)
  layer 35 -> cuda:7  (   49s)
  layer 36 -> cuda:7  (   51s)
  layer 37 -> cuda:7  (   52s)
  layer 38 -> cuda:7  (   53s)
  layer 39 -> cuda:7  (   54s)
  engram table layer 1: 91.6 GiB in host RAM (6s)
  engram table layer 14: 91.6 GiB in host RAM (6s)
loaded in 67s
model loaded in 77s
mixed precision: mean 3.501 bit/weight, histogram {3.5: 2016, 3.0: 6663, 4.0: 6681} (302s)
wikitext-2 test: 287,730 tokens, 16 x 2048 scored
  chunk 1/16: ppl so far 1.8519  (6s)
  chunk 2/16: ppl so far 1.7199  (11s)
  chunk 3/16: ppl so far 1.6951  (15s)
  chunk 4/16: ppl so far 1.9939  (19s)
  chunk 5/16: ppl so far 2.2297  (23s)
  chunk 6/16: ppl so far 2.2448  (28s)
  chunk 7/16: ppl so far 2.2728  (32s)
  chunk 8/16: ppl so far 2.4082  (36s)
  chunk 9/16: ppl so far 2.5581  (40s)
  chunk 10/16: ppl so far 2.7725  (45s)
  chunk 11/16: ppl so far 2.8269  (49s)
  chunk 12/16: ppl so far 2.8693  (53s)
  chunk 13/16: ppl so far 2.8646  (57s)
  chunk 14/16: ppl so far 2.9544  (62s)
  chunk 15/16: ppl so far 3.0187  (66s)
  chunk 16/16: ppl so far 3.1113  (70s)

PPL = 3.1113  (nll 1.1350 over 32,752 tokens)
appended to results/ppl.jsonl
