[transformers] You are using a model of type `deepseek_v41` to instantiate a model of type ``. This may be expected if you are loading a checkpoint that shares a subset of the architecture (e.g., loading a `sam2_video` checkpoint into `Sam2Model`), but is otherwise not supported and can yield errors. Please verify that the checkpoint is compatible with the model you are instantiating.
expert shards: {'cuda:4': 97, 'cuda:5': 97, 'cuda:6': 97, 'cuda:7': 93}
placement: {'cuda:4': 10, 'cuda:5': 10, 'cuda:6': 10, 'cuda:7': 10}
/mnt/ssdraid/git/deepseekv4.1/dsv41/stio.py:68: UserWarning: The given buffer is not writable, and PyTorch does not support non-writable tensors. This means you can write to the underlying (supposedly non-writable) buffer using the tensor. You may want to copy the buffer to protect its data or make it writable before converting it to a tensor. This type of warning will be suppressed for the rest of this program. (Triggered internally at /__w/pytorch/pytorch/torch/csrc/utils/tensor_new.cpp:1556.)
  t = torch.frombuffer(memoryview(buf), dtype=torch.uint8).view(TORCH_DTYPE[dtype]).view(shape)
  layer  0 -> cuda:4  (    2s)
  layer  1 -> cuda:4  (    4s)
  layer  2 -> cuda:4  (    5s)
  layer  3 -> cuda:4  (    7s)
  layer  4 -> cuda:4  (    8s)
  layer  5 -> cuda:4  (   10s)
  layer  6 -> cuda:4  (   11s)
  layer  7 -> cuda:4  (   12s)
  layer  8 -> cuda:4  (   14s)
  layer  9 -> cuda:4  (   15s)
  layer 10 -> cuda:5  (   17s)
  layer 11 -> cuda:5  (   18s)
  layer 12 -> cuda:5  (   19s)
  layer 13 -> cuda:5  (   21s)
  layer 14 -> cuda:5  (   22s)
  layer 15 -> cuda:5  (   23s)
  layer 16 -> cuda:5  (   25s)
  layer 17 -> cuda:5  (   26s)
  layer 18 -> cuda:5  (   27s)
  layer 19 -> cuda:5  (   29s)
  layer 20 -> cuda:6  (   30s)
  layer 21 -> cuda:6  (   31s)
  layer 22 -> cuda:6  (   33s)
  layer 23 -> cuda:6  (   34s)
  layer 24 -> cuda:6  (   35s)
  layer 25 -> cuda:6  (   36s)
  layer 26 -> cuda:6  (   38s)
  layer 27 -> cuda:6  (   39s)
  layer 28 -> cuda:6  (   40s)
  layer 29 -> cuda:6  (   42s)
  layer 30 -> cuda:7  (   43s)
  layer 31 -> cuda:7  (   44s)
  layer 32 -> cuda:7  (   45s)
  layer 33 -> cuda:7  (   47s)
  layer 34 -> cuda:7  (   48s)
  layer 35 -> cuda:7  (   49s)
  layer 36 -> cuda:7  (   50s)
  layer 37 -> cuda:7  (   52s)
  layer 38 -> cuda:7  (   53s)
  layer 39 -> cuda:7  (   54s)
  engram table layer 1: 91.6 GiB in host RAM (6s)
  engram table layer 14: 91.6 GiB in host RAM (6s)
loaded in 68s
model loaded in 78s
re-quantized 271.79 GB of expert payload in 40 layers (2.1s)
wikitext-2 test: 287,730 tokens, 16 x 2048 scored
  chunk 1/16: ppl so far 1.8668  (6s)
  chunk 2/16: ppl so far 1.7160  (11s)
  chunk 3/16: ppl so far 1.6885  (15s)
  chunk 4/16: ppl so far 2.0074  (19s)
  chunk 5/16: ppl so far 2.2427  (24s)
  chunk 6/16: ppl so far 2.2582  (28s)
  chunk 7/16: ppl so far 2.2941  (32s)
  chunk 8/16: ppl so far 2.4278  (36s)
  chunk 9/16: ppl so far 2.5807  (41s)
  chunk 10/16: ppl so far 2.7942  (45s)
  chunk 11/16: ppl so far 2.8560  (49s)
  chunk 12/16: ppl so far 2.9019  (53s)
  chunk 13/16: ppl so far 2.8978  (57s)
  chunk 14/16: ppl so far 2.9876  (62s)
  chunk 15/16: ppl so far 3.0540  (66s)
  chunk 16/16: ppl so far 3.1502  (70s)

PPL = 3.1502  (nll 1.1475 over 32,752 tokens)
appended to results/ppl.jsonl
[transformers] You are using a model of type `deepseek_v41` to instantiate a model of type ``. This may be expected if you are loading a checkpoint that shares a subset of the architecture (e.g., loading a `sam2_video` checkpoint into `Sam2Model`), but is otherwise not supported and can yield errors. Please verify that the checkpoint is compatible with the model you are instantiating.
expert shards: {'cuda:4': 97, 'cuda:5': 97, 'cuda:6': 97, 'cuda:7': 93}
placement: {'cuda:4': 10, 'cuda:5': 10, 'cuda:6': 10, 'cuda:7': 10}
/mnt/ssdraid/git/deepseekv4.1/dsv41/stio.py:68: UserWarning: The given buffer is not writable, and PyTorch does not support non-writable tensors. This means you can write to the underlying (supposedly non-writable) buffer using the tensor. You may want to copy the buffer to protect its data or make it writable before converting it to a tensor. This type of warning will be suppressed for the rest of this program. (Triggered internally at /__w/pytorch/pytorch/torch/csrc/utils/tensor_new.cpp:1556.)
  t = torch.frombuffer(memoryview(buf), dtype=torch.uint8).view(TORCH_DTYPE[dtype]).view(shape)
  layer  0 -> cuda:4  (    2s)
  layer  1 -> cuda:4  (    4s)
  layer  2 -> cuda:4  (    5s)
  layer  3 -> cuda:4  (    7s)
  layer  4 -> cuda:4  (    8s)
  layer  5 -> cuda:4  (   10s)
  layer  6 -> cuda:4  (   11s)
  layer  7 -> cuda:4  (   13s)
  layer  8 -> cuda:4  (   14s)
  layer  9 -> cuda:4  (   15s)
  layer 10 -> cuda:5  (   17s)
  layer 11 -> cuda:5  (   18s)
  layer 12 -> cuda:5  (   19s)
  layer 13 -> cuda:5  (   21s)
  layer 14 -> cuda:5  (   22s)
  layer 15 -> cuda:5  (   24s)
  layer 16 -> cuda:5  (   25s)
  layer 17 -> cuda:5  (   26s)
  layer 18 -> cuda:5  (   27s)
  layer 19 -> cuda:5  (   29s)
  layer 20 -> cuda:6  (   30s)
  layer 21 -> cuda:6  (   31s)
  layer 22 -> cuda:6  (   33s)
  layer 23 -> cuda:6  (   34s)
  layer 24 -> cuda:6  (   35s)
  layer 25 -> cuda:6  (   37s)
  layer 26 -> cuda:6  (   38s)
  layer 27 -> cuda:6  (   40s)
  layer 28 -> cuda:6  (   41s)
  layer 29 -> cuda:6  (   42s)
  layer 30 -> cuda:7  (   44s)
  layer 31 -> cuda:7  (   45s)
  layer 32 -> cuda:7  (   46s)
  layer 33 -> cuda:7  (   47s)
  layer 34 -> cuda:7  (   49s)
  layer 35 -> cuda:7  (   50s)
  layer 36 -> cuda:7  (   51s)
  layer 37 -> cuda:7  (   52s)
  layer 38 -> cuda:7  (   54s)
  layer 39 -> cuda:7  (   55s)
  engram table layer 1: 91.6 GiB in host RAM (6s)
  engram table layer 14: 91.6 GiB in host RAM (6s)
loaded in 68s
model loaded in 79s
mixed precision: mean 3.450 bit/weight, histogram {3.5: 1868, 3.0: 7110, 4.0: 5850, 3.25: 532} (2s)
wikitext-2 test: 287,730 tokens, 16 x 2048 scored
  chunk 1/16: ppl so far 1.8433  (7s)
  chunk 2/16: ppl so far 1.6992  (11s)
  chunk 3/16: ppl so far 1.6765  (15s)
  chunk 4/16: ppl so far 1.9828  (19s)
  chunk 5/16: ppl so far 2.2219  (24s)
  chunk 6/16: ppl so far 2.2372  (28s)
  chunk 7/16: ppl so far 2.2642  (32s)
  chunk 8/16: ppl so far 2.3999  (36s)
  chunk 9/16: ppl so far 2.5481  (41s)
  chunk 10/16: ppl so far 2.7670  (45s)
  chunk 11/16: ppl so far 2.8213  (49s)
  chunk 12/16: ppl so far 2.8695  (53s)
  chunk 13/16: ppl so far 2.8653  (58s)
  chunk 14/16: ppl so far 2.9530  (62s)
  chunk 15/16: ppl so far 3.0204  (66s)
  chunk 16/16: ppl so far 3.1145  (70s)

PPL = 3.1145  (nll 1.1361 over 32,752 tokens)
appended to results/ppl.jsonl
[transformers] You are using a model of type `deepseek_v41` to instantiate a model of type ``. This may be expected if you are loading a checkpoint that shares a subset of the architecture (e.g., loading a `sam2_video` checkpoint into `Sam2Model`), but is otherwise not supported and can yield errors. Please verify that the checkpoint is compatible with the model you are instantiating.
expert shards: {'cuda:4': 97, 'cuda:5': 97, 'cuda:6': 97, 'cuda:7': 93}
placement: {'cuda:4': 10, 'cuda:5': 10, 'cuda:6': 10, 'cuda:7': 10}
/mnt/ssdraid/git/deepseekv4.1/dsv41/stio.py:68: UserWarning: The given buffer is not writable, and PyTorch does not support non-writable tensors. This means you can write to the underlying (supposedly non-writable) buffer using the tensor. You may want to copy the buffer to protect its data or make it writable before converting it to a tensor. This type of warning will be suppressed for the rest of this program. (Triggered internally at /__w/pytorch/pytorch/torch/csrc/utils/tensor_new.cpp:1556.)
  t = torch.frombuffer(memoryview(buf), dtype=torch.uint8).view(TORCH_DTYPE[dtype]).view(shape)
  layer  0 -> cuda:4  (    2s)
  layer  1 -> cuda:4  (    4s)
  layer  2 -> cuda:4  (    5s)
  layer  3 -> cuda:4  (    7s)
  layer  4 -> cuda:4  (    8s)
  layer  5 -> cuda:4  (   10s)
  layer  6 -> cuda:4  (   11s)
  layer  7 -> cuda:4  (   12s)
  layer  8 -> cuda:4  (   14s)
  layer  9 -> cuda:4  (   15s)
  layer 10 -> cuda:5  (   17s)
  layer 11 -> cuda:5  (   18s)
  layer 12 -> cuda:5  (   19s)
  layer 13 -> cuda:5  (   21s)
  layer 14 -> cuda:5  (   22s)
  layer 15 -> cuda:5  (   23s)
  layer 16 -> cuda:5  (   25s)
  layer 17 -> cuda:5  (   26s)
  layer 18 -> cuda:5  (   27s)
  layer 19 -> cuda:5  (   28s)
  layer 20 -> cuda:6  (   30s)
  layer 21 -> cuda:6  (   31s)
  layer 22 -> cuda:6  (   32s)
  layer 23 -> cuda:6  (   34s)
  layer 24 -> cuda:6  (   35s)
  layer 25 -> cuda:6  (   36s)
  layer 26 -> cuda:6  (   37s)
  layer 27 -> cuda:6  (   39s)
  layer 28 -> cuda:6  (   40s)
  layer 29 -> cuda:6  (   41s)
  layer 30 -> cuda:7  (   42s)
  layer 31 -> cuda:7  (   44s)
  layer 32 -> cuda:7  (   45s)
  layer 33 -> cuda:7  (   46s)
  layer 34 -> cuda:7  (   48s)
  layer 35 -> cuda:7  (   49s)
  layer 36 -> cuda:7  (   50s)
  layer 37 -> cuda:7  (   51s)
  layer 38 -> cuda:7  (   53s)
  layer 39 -> cuda:7  (   54s)
  engram table layer 1: 91.6 GiB in host RAM (6s)
  engram table layer 14: 91.6 GiB in host RAM (6s)
loaded in 67s
model loaded in 78s
mixed precision: mean 3.400 bit/weight, histogram {3.5: 1861, 3.0: 7844, 4.0: 5066, 3.25: 589} (2s)
wikitext-2 test: 287,730 tokens, 16 x 2048 scored
  chunk 1/16: ppl so far 1.8362  (6s)
  chunk 2/16: ppl so far 1.7102  (11s)
  chunk 3/16: ppl so far 1.6907  (15s)
  chunk 4/16: ppl so far 1.9976  (19s)
  chunk 5/16: ppl so far 2.2344  (24s)
  chunk 6/16: ppl so far 2.2517  (28s)
  chunk 7/16: ppl so far 2.2743  (32s)
  chunk 8/16: ppl so far 2.4152  (36s)
  chunk 9/16: ppl so far 2.5624  (41s)
  chunk 10/16: ppl so far 2.7782  (45s)
  chunk 11/16: ppl so far 2.8332  (49s)
  chunk 12/16: ppl so far 2.8811  (53s)
  chunk 13/16: ppl so far 2.8760  (57s)
  chunk 14/16: ppl so far 2.9656  (62s)
  chunk 15/16: ppl so far 3.0328  (66s)
  chunk 16/16: ppl so far 3.1314  (70s)

PPL = 3.1314  (nll 1.1415 over 32,752 tokens)
appended to results/ppl.jsonl
[transformers] You are using a model of type `deepseek_v41` to instantiate a model of type ``. This may be expected if you are loading a checkpoint that shares a subset of the architecture (e.g., loading a `sam2_video` checkpoint into `Sam2Model`), but is otherwise not supported and can yield errors. Please verify that the checkpoint is compatible with the model you are instantiating.
expert shards: {'cuda:4': 97, 'cuda:5': 97, 'cuda:6': 97, 'cuda:7': 93}
placement: {'cuda:4': 10, 'cuda:5': 10, 'cuda:6': 10, 'cuda:7': 10}
/mnt/ssdraid/git/deepseekv4.1/dsv41/stio.py:68: UserWarning: The given buffer is not writable, and PyTorch does not support non-writable tensors. This means you can write to the underlying (supposedly non-writable) buffer using the tensor. You may want to copy the buffer to protect its data or make it writable before converting it to a tensor. This type of warning will be suppressed for the rest of this program. (Triggered internally at /__w/pytorch/pytorch/torch/csrc/utils/tensor_new.cpp:1556.)
  t = torch.frombuffer(memoryview(buf), dtype=torch.uint8).view(TORCH_DTYPE[dtype]).view(shape)
  layer  0 -> cuda:4  (    2s)
  layer  1 -> cuda:4  (    4s)
  layer  2 -> cuda:4  (    5s)
  layer  3 -> cuda:4  (    7s)
  layer  4 -> cuda:4  (    8s)
  layer  5 -> cuda:4  (   10s)
  layer  6 -> cuda:4  (   11s)
  layer  7 -> cuda:4  (   12s)
  layer  8 -> cuda:4  (   14s)
  layer  9 -> cuda:4  (   15s)
  layer 10 -> cuda:5  (   17s)
  layer 11 -> cuda:5  (   18s)
  layer 12 -> cuda:5  (   19s)
  layer 13 -> cuda:5  (   21s)
  layer 14 -> cuda:5  (   22s)
  layer 15 -> cuda:5  (   23s)
  layer 16 -> cuda:5  (   24s)
  layer 17 -> cuda:5  (   26s)
  layer 18 -> cuda:5  (   27s)
  layer 19 -> cuda:5  (   28s)
  layer 20 -> cuda:6  (   30s)
  layer 21 -> cuda:6  (   31s)
  layer 22 -> cuda:6  (   32s)
  layer 23 -> cuda:6  (   34s)
  layer 24 -> cuda:6  (   35s)
  layer 25 -> cuda:6  (   36s)
  layer 26 -> cuda:6  (   37s)
  layer 27 -> cuda:6  (   39s)
  layer 28 -> cuda:6  (   40s)
  layer 29 -> cuda:6  (   41s)
  layer 30 -> cuda:7  (   42s)
  layer 31 -> cuda:7  (   44s)
  layer 32 -> cuda:7  (   45s)
  layer 33 -> cuda:7  (   46s)
  layer 34 -> cuda:7  (   48s)
  layer 35 -> cuda:7  (   49s)
  layer 36 -> cuda:7  (   50s)
  layer 37 -> cuda:7  (   51s)
  layer 38 -> cuda:7  (   53s)
  layer 39 -> cuda:7  (   54s)
  engram table layer 1: 91.6 GiB in host RAM (6s)
  engram table layer 14: 91.6 GiB in host RAM (6s)
loaded in 67s
model loaded in 77s
mixed precision: mean 3.350 bit/weight, histogram {3.25: 607, 3.0: 8612, 4.0: 4308, 3.5: 1833} (2s)
wikitext-2 test: 287,730 tokens, 16 x 2048 scored
  chunk 1/16: ppl so far 1.8190  (6s)
  chunk 2/16: ppl so far 1.7026  (11s)
  chunk 3/16: ppl so far 1.6809  (15s)
  chunk 4/16: ppl so far 1.9859  (19s)
  chunk 5/16: ppl so far 2.2179  (24s)
  chunk 6/16: ppl so far 2.2335  (28s)
  chunk 7/16: ppl so far 2.2607  (32s)
  chunk 8/16: ppl so far 2.3974  (36s)
  chunk 9/16: ppl so far 2.5482  (41s)
  chunk 10/16: ppl so far 2.7630  (45s)
  chunk 11/16: ppl so far 2.8250  (49s)
  chunk 12/16: ppl so far 2.8710  (53s)
  chunk 13/16: ppl so far 2.8661  (58s)
  chunk 14/16: ppl so far 2.9531  (62s)
  chunk 15/16: ppl so far 3.0192  (66s)
  chunk 16/16: ppl so far 3.1149  (70s)

PPL = 3.1149  (nll 1.1362 over 32,752 tokens)
appended to results/ppl.jsonl
[transformers] You are using a model of type `deepseek_v41` to instantiate a model of type ``. This may be expected if you are loading a checkpoint that shares a subset of the architecture (e.g., loading a `sam2_video` checkpoint into `Sam2Model`), but is otherwise not supported and can yield errors. Please verify that the checkpoint is compatible with the model you are instantiating.
expert shards: {'cuda:4': 97, 'cuda:5': 97, 'cuda:6': 97, 'cuda:7': 93}
placement: {'cuda:4': 10, 'cuda:5': 10, 'cuda:6': 10, 'cuda:7': 10}
/mnt/ssdraid/git/deepseekv4.1/dsv41/stio.py:68: UserWarning: The given buffer is not writable, and PyTorch does not support non-writable tensors. This means you can write to the underlying (supposedly non-writable) buffer using the tensor. You may want to copy the buffer to protect its data or make it writable before converting it to a tensor. This type of warning will be suppressed for the rest of this program. (Triggered internally at /__w/pytorch/pytorch/torch/csrc/utils/tensor_new.cpp:1556.)
  t = torch.frombuffer(memoryview(buf), dtype=torch.uint8).view(TORCH_DTYPE[dtype]).view(shape)
  layer  0 -> cuda:4  (    2s)
  layer  1 -> cuda:4  (    4s)
  layer  2 -> cuda:4  (    5s)
  layer  3 -> cuda:4  (    7s)
  layer  4 -> cuda:4  (    8s)
  layer  5 -> cuda:4  (    9s)
  layer  6 -> cuda:4  (   11s)
  layer  7 -> cuda:4  (   12s)
  layer  8 -> cuda:4  (   14s)
  layer  9 -> cuda:4  (   15s)
  layer 10 -> cuda:5  (   16s)
  layer 11 -> cuda:5  (   18s)
  layer 12 -> cuda:5  (   19s)
  layer 13 -> cuda:5  (   20s)
  layer 14 -> cuda:5  (   22s)
  layer 15 -> cuda:5  (   23s)
  layer 16 -> cuda:5  (   24s)
  layer 17 -> cuda:5  (   26s)
  layer 18 -> cuda:5  (   27s)
  layer 19 -> cuda:5  (   28s)
  layer 20 -> cuda:6  (   30s)
  layer 21 -> cuda:6  (   31s)
  layer 22 -> cuda:6  (   32s)
  layer 23 -> cuda:6  (   34s)
  layer 24 -> cuda:6  (   35s)
  layer 25 -> cuda:6  (   36s)
  layer 26 -> cuda:6  (   37s)
  layer 27 -> cuda:6  (   39s)
  layer 28 -> cuda:6  (   40s)
  layer 29 -> cuda:6  (   41s)
  layer 30 -> cuda:7  (   42s)
  layer 31 -> cuda:7  (   44s)
  layer 32 -> cuda:7  (   45s)
  layer 33 -> cuda:7  (   46s)
  layer 34 -> cuda:7  (   48s)
  layer 35 -> cuda:7  (   49s)
  layer 36 -> cuda:7  (   50s)
  layer 37 -> cuda:7  (   51s)
  layer 38 -> cuda:7  (   53s)
  layer 39 -> cuda:7  (   54s)
  engram table layer 1: 91.6 GiB in host RAM (6s)
  engram table layer 14: 91.6 GiB in host RAM (6s)
loaded in 67s
model loaded in 77s
mixed precision: mean 3.300 bit/weight, histogram {3.25: 601, 3.0: 9355, 4.0: 3504, 3.5: 1900} (2s)
wikitext-2 test: 287,730 tokens, 16 x 2048 scored
  chunk 1/16: ppl so far 1.8570  (7s)
  chunk 2/16: ppl so far 1.7255  (11s)
  chunk 3/16: ppl so far 1.7098  (15s)
  chunk 4/16: ppl so far 2.0118  (19s)
  chunk 5/16: ppl so far 2.2451  (24s)
  chunk 6/16: ppl so far 2.2586  (28s)
  chunk 7/16: ppl so far 2.2872  (32s)
  chunk 8/16: ppl so far 2.4256  (36s)
  chunk 9/16: ppl so far 2.5747  (41s)
  chunk 10/16: ppl so far 2.7878  (45s)
  chunk 11/16: ppl so far 2.8474  (49s)
  chunk 12/16: ppl so far 2.8955  (53s)
  chunk 13/16: ppl so far 2.8931  (58s)
  chunk 14/16: ppl so far 2.9770  (62s)
  chunk 15/16: ppl so far 3.0431  (66s)
  chunk 16/16: ppl so far 3.1467  (70s)

PPL = 3.1467  (nll 1.1464 over 32,752 tokens)
appended to results/ppl.jsonl
