[transformers] You are using a model of type `deepseek_v41` to instantiate a model of type ``. This may be expected if you are loading a checkpoint that shares a subset of the architecture (e.g., loading a `sam2_video` checkpoint into `Sam2Model`), but is otherwise not supported and can yield errors. Please verify that the checkpoint is compatible with the model you are instantiating.
expert shards: {'cuda:4': 97, 'cuda:5': 97, 'cuda:6': 97, 'cuda:7': 93}
placement: {'cuda:4': 10, 'cuda:5': 10, 'cuda:6': 10, 'cuda:7': 10}
/mnt/ssdraid/git/deepseekv4.1/dsv41/stio.py:68: UserWarning: The given buffer is not writable, and PyTorch does not support non-writable tensors. This means you can write to the underlying (supposedly non-writable) buffer using the tensor. You may want to copy the buffer to protect its data or make it writable before converting it to a tensor. This type of warning will be suppressed for the rest of this program. (Triggered internally at /__w/pytorch/pytorch/torch/csrc/utils/tensor_new.cpp:1556.)
  t = torch.frombuffer(memoryview(buf), dtype=torch.uint8).view(TORCH_DTYPE[dtype]).view(shape)
  layer  0 -> cuda:4  (    3s)
  layer  1 -> cuda:4  (    4s)
  layer  2 -> cuda:4  (    7s)
  layer  3 -> cuda:4  (    8s)
  layer  4 -> cuda:4  (   10s)
  layer  5 -> cuda:4  (   11s)
  layer  6 -> cuda:4  (   13s)
  layer  7 -> cuda:4  (   14s)
  layer  8 -> cuda:4  (   15s)
  layer  9 -> cuda:4  (   17s)
  layer 10 -> cuda:5  (   18s)
  layer 11 -> cuda:5  (   20s)
  layer 12 -> cuda:5  (   21s)
  layer 13 -> cuda:5  (   22s)
  layer 14 -> cuda:5  (   24s)
  layer 15 -> cuda:5  (   25s)
  layer 16 -> cuda:5  (   26s)
  layer 17 -> cuda:5  (   27s)
  layer 18 -> cuda:5  (   29s)
  layer 19 -> cuda:5  (   30s)
  layer 20 -> cuda:6  (   31s)
  layer 21 -> cuda:6  (   33s)
  layer 22 -> cuda:6  (   34s)
  layer 23 -> cuda:6  (   35s)
  layer 24 -> cuda:6  (   37s)
  layer 25 -> cuda:6  (   38s)
  layer 26 -> cuda:6  (   39s)
  layer 27 -> cuda:6  (   40s)
  layer 28 -> cuda:6  (   42s)
  layer 29 -> cuda:6  (   43s)
  layer 30 -> cuda:7  (   44s)
  layer 31 -> cuda:7  (   46s)
  layer 32 -> cuda:7  (   47s)
  layer 33 -> cuda:7  (   48s)
  layer 34 -> cuda:7  (   49s)
  layer 35 -> cuda:7  (   51s)
  layer 36 -> cuda:7  (   52s)
  layer 37 -> cuda:7  (   53s)
  layer 38 -> cuda:7  (   55s)
  layer 39 -> cuda:7  (   56s)
  engram table layer 1: 91.6 GiB in host RAM (6s)
  engram table layer 14: 91.6 GiB in host RAM (6s)
loaded in 69s
model loaded in 80s
wikitext-2 test: 287,730 tokens, 16 x 2048 scored
  chunk 1/16: ppl so far 1.7888  (7s)
  chunk 2/16: ppl so far 1.6772  (11s)
  chunk 3/16: ppl so far 1.6481  (15s)
  chunk 4/16: ppl so far 1.9447  (19s)
  chunk 5/16: ppl so far 2.1858  (24s)
  chunk 6/16: ppl so far 2.2036  (28s)
  chunk 7/16: ppl so far 2.2361  (32s)
  chunk 8/16: ppl so far 2.3715  (36s)
  chunk 9/16: ppl so far 2.5230  (41s)
  chunk 10/16: ppl so far 2.7380  (45s)
  chunk 11/16: ppl so far 2.7930  (49s)
  chunk 12/16: ppl so far 2.8342  (53s)
  chunk 13/16: ppl so far 2.8259  (58s)
  chunk 14/16: ppl so far 2.9165  (62s)
  chunk 15/16: ppl so far 2.9803  (66s)
  chunk 16/16: ppl so far 3.0765  (70s)

PPL = 3.0765  (nll 1.1238 over 32,752 tokens)
appended to results/ppl.jsonl
[transformers] You are using a model of type `deepseek_v41` to instantiate a model of type ``. This may be expected if you are loading a checkpoint that shares a subset of the architecture (e.g., loading a `sam2_video` checkpoint into `Sam2Model`), but is otherwise not supported and can yield errors. Please verify that the checkpoint is compatible with the model you are instantiating.
expert shards: {'cuda:4': 97, 'cuda:5': 97, 'cuda:6': 97, 'cuda:7': 93}
placement: {'cuda:4': 10, 'cuda:5': 10, 'cuda:6': 10, 'cuda:7': 10}
/mnt/ssdraid/git/deepseekv4.1/dsv41/stio.py:68: UserWarning: The given buffer is not writable, and PyTorch does not support non-writable tensors. This means you can write to the underlying (supposedly non-writable) buffer using the tensor. You may want to copy the buffer to protect its data or make it writable before converting it to a tensor. This type of warning will be suppressed for the rest of this program. (Triggered internally at /__w/pytorch/pytorch/torch/csrc/utils/tensor_new.cpp:1556.)
  t = torch.frombuffer(memoryview(buf), dtype=torch.uint8).view(TORCH_DTYPE[dtype]).view(shape)
  layer  0 -> cuda:4  (    3s)
  layer  1 -> cuda:4  (    4s)
  layer  2 -> cuda:4  (    6s)
  layer  3 -> cuda:4  (    7s)
  layer  4 -> cuda:4  (    8s)
  layer  5 -> cuda:4  (   10s)
  layer  6 -> cuda:4  (   11s)
  layer  7 -> cuda:4  (   13s)
  layer  8 -> cuda:4  (   14s)
  layer  9 -> cuda:4  (   15s)
  layer 10 -> cuda:5  (   17s)
  layer 11 -> cuda:5  (   18s)
  layer 12 -> cuda:5  (   19s)
  layer 13 -> cuda:5  (   21s)
  layer 14 -> cuda:5  (   22s)
  layer 15 -> cuda:5  (   23s)
  layer 16 -> cuda:5  (   25s)
  layer 17 -> cuda:5  (   26s)
  layer 18 -> cuda:5  (   27s)
  layer 19 -> cuda:5  (   29s)
  layer 20 -> cuda:6  (   30s)
  layer 21 -> cuda:6  (   31s)
  layer 22 -> cuda:6  (   33s)
  layer 23 -> cuda:6  (   34s)
  layer 24 -> cuda:6  (   35s)
  layer 25 -> cuda:6  (   36s)
  layer 26 -> cuda:6  (   38s)
  layer 27 -> cuda:6  (   39s)
  layer 28 -> cuda:6  (   40s)
  layer 29 -> cuda:6  (   41s)
  layer 30 -> cuda:7  (   43s)
  layer 31 -> cuda:7  (   44s)
  layer 32 -> cuda:7  (   45s)
  layer 33 -> cuda:7  (   47s)
  layer 34 -> cuda:7  (   48s)
  layer 35 -> cuda:7  (   49s)
  layer 36 -> cuda:7  (   50s)
  layer 37 -> cuda:7  (   52s)
  layer 38 -> cuda:7  (   53s)
  layer 39 -> cuda:7  (   54s)
  engram table layer 1: 91.6 GiB in host RAM (6s)
  engram table layer 14: 91.6 GiB in host RAM (6s)
loaded in 67s
model loaded in 77s
re-quantized 271.79 GB of expert payload in 40 layers (2.1s)
wikitext-2 test: 287,730 tokens, 16 x 2048 scored
  chunk 1/16: ppl so far 1.7957  (6s)
  chunk 2/16: ppl so far 1.6865  (11s)
  chunk 3/16: ppl so far 1.6631  (15s)
  chunk 4/16: ppl so far 1.9615  (19s)
  chunk 5/16: ppl so far 2.2033  (24s)
  chunk 6/16: ppl so far 2.2195  (28s)
  chunk 7/16: ppl so far 2.2480  (32s)
  chunk 8/16: ppl so far 2.3811  (36s)
  chunk 9/16: ppl so far 2.5319  (41s)
  chunk 10/16: ppl so far 2.7470  (45s)
  chunk 11/16: ppl so far 2.8000  (49s)
  chunk 12/16: ppl so far 2.8435  (53s)
  chunk 13/16: ppl so far 2.8417  (58s)
  chunk 14/16: ppl so far 2.9314  (62s)
  chunk 15/16: ppl so far 2.9950  (66s)
  chunk 16/16: ppl so far 3.0941  (70s)

PPL = 3.0941  (nll 1.1295 over 32,752 tokens)
appended to results/ppl.jsonl
[transformers] You are using a model of type `deepseek_v41` to instantiate a model of type ``. This may be expected if you are loading a checkpoint that shares a subset of the architecture (e.g., loading a `sam2_video` checkpoint into `Sam2Model`), but is otherwise not supported and can yield errors. Please verify that the checkpoint is compatible with the model you are instantiating.
expert shards: {'cuda:4': 97, 'cuda:5': 97, 'cuda:6': 97, 'cuda:7': 93}
placement: {'cuda:4': 10, 'cuda:5': 10, 'cuda:6': 10, 'cuda:7': 10}
/mnt/ssdraid/git/deepseekv4.1/dsv41/stio.py:68: UserWarning: The given buffer is not writable, and PyTorch does not support non-writable tensors. This means you can write to the underlying (supposedly non-writable) buffer using the tensor. You may want to copy the buffer to protect its data or make it writable before converting it to a tensor. This type of warning will be suppressed for the rest of this program. (Triggered internally at /__w/pytorch/pytorch/torch/csrc/utils/tensor_new.cpp:1556.)
  t = torch.frombuffer(memoryview(buf), dtype=torch.uint8).view(TORCH_DTYPE[dtype]).view(shape)
  layer  0 -> cuda:4  (    3s)
  layer  1 -> cuda:4  (    4s)
  layer  2 -> cuda:4  (    6s)
  layer  3 -> cuda:4  (    7s)
  layer  4 -> cuda:4  (    8s)
  layer  5 -> cuda:4  (   10s)
  layer  6 -> cuda:4  (   11s)
  layer  7 -> cuda:4  (   13s)
  layer  8 -> cuda:4  (   14s)
  layer  9 -> cuda:4  (   15s)
  layer 10 -> cuda:5  (   17s)
  layer 11 -> cuda:5  (   18s)
  layer 12 -> cuda:5  (   20s)
  layer 13 -> cuda:5  (   21s)
  layer 14 -> cuda:5  (   23s)
  layer 15 -> cuda:5  (   24s)
  layer 16 -> cuda:5  (   25s)
  layer 17 -> cuda:5  (   27s)
  layer 18 -> cuda:5  (   28s)
  layer 19 -> cuda:5  (   29s)
  layer 20 -> cuda:6  (   31s)
  layer 21 -> cuda:6  (   32s)
  layer 22 -> cuda:6  (   33s)
  layer 23 -> cuda:6  (   35s)
  layer 24 -> cuda:6  (   36s)
  layer 25 -> cuda:6  (   37s)
  layer 26 -> cuda:6  (   39s)
  layer 27 -> cuda:6  (   40s)
  layer 28 -> cuda:6  (   41s)
  layer 29 -> cuda:6  (   43s)
  layer 30 -> cuda:7  (   44s)
  layer 31 -> cuda:7  (   45s)
  layer 32 -> cuda:7  (   46s)
  layer 33 -> cuda:7  (   48s)
  layer 34 -> cuda:7  (   49s)
  layer 35 -> cuda:7  (   50s)
  layer 36 -> cuda:7  (   52s)
  layer 37 -> cuda:7  (   53s)
  layer 38 -> cuda:7  (   54s)
  layer 39 -> cuda:7  (   56s)
  engram table layer 1: 91.6 GiB in host RAM (6s)
  engram table layer 14: 91.6 GiB in host RAM (6s)
loaded in 69s
model loaded in 79s
re-quantized 271.79 GB of expert payload in 40 layers (2.1s)
wikitext-2 test: 287,730 tokens, 16 x 2048 scored
  chunk 1/16: ppl so far 1.8259  (6s)
  chunk 2/16: ppl so far 1.6928  (11s)
  chunk 3/16: ppl so far 1.6814  (15s)
  chunk 4/16: ppl so far 1.9855  (19s)
  chunk 5/16: ppl so far 2.2218  (24s)
  chunk 6/16: ppl so far 2.2456  (28s)
  chunk 7/16: ppl so far 2.2768  (32s)
  chunk 8/16: ppl so far 2.4090  (36s)
  chunk 9/16: ppl so far 2.5566  (41s)
  chunk 10/16: ppl so far 2.7730  (45s)
  chunk 11/16: ppl so far 2.8329  (49s)
  chunk 12/16: ppl so far 2.8746  (53s)
  chunk 13/16: ppl so far 2.8724  (57s)
  chunk 14/16: ppl so far 2.9660  (62s)
  chunk 15/16: ppl so far 3.0314  (66s)
  chunk 16/16: ppl so far 3.1295  (70s)

PPL = 3.1295  (nll 1.1409 over 32,752 tokens)
appended to results/ppl.jsonl
[transformers] You are using a model of type `deepseek_v41` to instantiate a model of type ``. This may be expected if you are loading a checkpoint that shares a subset of the architecture (e.g., loading a `sam2_video` checkpoint into `Sam2Model`), but is otherwise not supported and can yield errors. Please verify that the checkpoint is compatible with the model you are instantiating.
expert shards: {'cuda:4': 97, 'cuda:5': 97, 'cuda:6': 97, 'cuda:7': 93}
placement: {'cuda:4': 10, 'cuda:5': 10, 'cuda:6': 10, 'cuda:7': 10}
/mnt/ssdraid/git/deepseekv4.1/dsv41/stio.py:68: UserWarning: The given buffer is not writable, and PyTorch does not support non-writable tensors. This means you can write to the underlying (supposedly non-writable) buffer using the tensor. You may want to copy the buffer to protect its data or make it writable before converting it to a tensor. This type of warning will be suppressed for the rest of this program. (Triggered internally at /__w/pytorch/pytorch/torch/csrc/utils/tensor_new.cpp:1556.)
  t = torch.frombuffer(memoryview(buf), dtype=torch.uint8).view(TORCH_DTYPE[dtype]).view(shape)
  layer  0 -> cuda:4  (    3s)
  layer  1 -> cuda:4  (    4s)
  layer  2 -> cuda:4  (    6s)
  layer  3 -> cuda:4  (    7s)
  layer  4 -> cuda:4  (    8s)
  layer  5 -> cuda:4  (   10s)
  layer  6 -> cuda:4  (   11s)
  layer  7 -> cuda:4  (   13s)
  layer  8 -> cuda:4  (   14s)
  layer  9 -> cuda:4  (   15s)
  layer 10 -> cuda:5  (   17s)
  layer 11 -> cuda:5  (   18s)
  layer 12 -> cuda:5  (   19s)
  layer 13 -> cuda:5  (   21s)
  layer 14 -> cuda:5  (   22s)
  layer 15 -> cuda:5  (   24s)
  layer 16 -> cuda:5  (   25s)
  layer 17 -> cuda:5  (   26s)
  layer 18 -> cuda:5  (   28s)
  layer 19 -> cuda:5  (   29s)
  layer 20 -> cuda:6  (   30s)
  layer 21 -> cuda:6  (   31s)
  layer 22 -> cuda:6  (   33s)
  layer 23 -> cuda:6  (   34s)
  layer 24 -> cuda:6  (   35s)
  layer 25 -> cuda:6  (   37s)
  layer 26 -> cuda:6  (   38s)
  layer 27 -> cuda:6  (   39s)
  layer 28 -> cuda:6  (   40s)
  layer 29 -> cuda:6  (   42s)
  layer 30 -> cuda:7  (   43s)
  layer 31 -> cuda:7  (   44s)
  layer 32 -> cuda:7  (   45s)
  layer 33 -> cuda:7  (   47s)
  layer 34 -> cuda:7  (   48s)
  layer 35 -> cuda:7  (   49s)
  layer 36 -> cuda:7  (   51s)
  layer 37 -> cuda:7  (   52s)
  layer 38 -> cuda:7  (   53s)
  layer 39 -> cuda:7  (   54s)
  engram table layer 1: 91.6 GiB in host RAM (6s)
  engram table layer 14: 91.6 GiB in host RAM (6s)
loaded in 68s
model loaded in 77s
re-quantized 271.79 GB of expert payload in 40 layers (2.1s)
wikitext-2 test: 287,730 tokens, 16 x 2048 scored
  chunk 1/16: ppl so far 1.8729  (6s)
  chunk 2/16: ppl so far 1.7580  (11s)
  chunk 3/16: ppl so far 1.7545  (15s)
  chunk 4/16: ppl so far 2.0596  (19s)
  chunk 5/16: ppl so far 2.2852  (24s)
  chunk 6/16: ppl so far 2.3128  (28s)
  chunk 7/16: ppl so far 2.3427  (32s)
  chunk 8/16: ppl so far 2.4776  (36s)
  chunk 9/16: ppl so far 2.6296  (40s)
  chunk 10/16: ppl so far 2.8466  (45s)
  chunk 11/16: ppl so far 2.9082  (49s)
  chunk 12/16: ppl so far 2.9559  (53s)
  chunk 13/16: ppl so far 2.9555  (57s)
  chunk 14/16: ppl so far 3.0433  (62s)
  chunk 15/16: ppl so far 3.1092  (66s)
  chunk 16/16: ppl so far 3.2067  (70s)

PPL = 3.2067  (nll 1.1652 over 32,752 tokens)
appended to results/ppl.jsonl
[transformers] You are using a model of type `deepseek_v41` to instantiate a model of type ``. This may be expected if you are loading a checkpoint that shares a subset of the architecture (e.g., loading a `sam2_video` checkpoint into `Sam2Model`), but is otherwise not supported and can yield errors. Please verify that the checkpoint is compatible with the model you are instantiating.
expert shards: {'cuda:4': 97, 'cuda:5': 97, 'cuda:6': 97, 'cuda:7': 93}
placement: {'cuda:4': 10, 'cuda:5': 10, 'cuda:6': 10, 'cuda:7': 10}
/mnt/ssdraid/git/deepseekv4.1/dsv41/stio.py:68: UserWarning: The given buffer is not writable, and PyTorch does not support non-writable tensors. This means you can write to the underlying (supposedly non-writable) buffer using the tensor. You may want to copy the buffer to protect its data or make it writable before converting it to a tensor. This type of warning will be suppressed for the rest of this program. (Triggered internally at /__w/pytorch/pytorch/torch/csrc/utils/tensor_new.cpp:1556.)
  t = torch.frombuffer(memoryview(buf), dtype=torch.uint8).view(TORCH_DTYPE[dtype]).view(shape)
  layer  0 -> cuda:4  (    3s)
  layer  1 -> cuda:4  (    4s)
  layer  2 -> cuda:4  (    6s)
  layer  3 -> cuda:4  (    7s)
  layer  4 -> cuda:4  (    8s)
  layer  5 -> cuda:4  (   10s)
  layer  6 -> cuda:4  (   11s)
  layer  7 -> cuda:4  (   12s)
  layer  8 -> cuda:4  (   14s)
  layer  9 -> cuda:4  (   15s)
  layer 10 -> cuda:5  (   17s)
  layer 11 -> cuda:5  (   18s)
  layer 12 -> cuda:5  (   19s)
  layer 13 -> cuda:5  (   21s)
  layer 14 -> cuda:5  (   22s)
  layer 15 -> cuda:5  (   23s)
  layer 16 -> cuda:5  (   25s)
  layer 17 -> cuda:5  (   26s)
  layer 18 -> cuda:5  (   27s)
  layer 19 -> cuda:5  (   29s)
  layer 20 -> cuda:6  (   30s)
  layer 21 -> cuda:6  (   31s)
  layer 22 -> cuda:6  (   32s)
  layer 23 -> cuda:6  (   34s)
  layer 24 -> cuda:6  (   35s)
  layer 25 -> cuda:6  (   36s)
  layer 26 -> cuda:6  (   38s)
  layer 27 -> cuda:6  (   39s)
  layer 28 -> cuda:6  (   40s)
  layer 29 -> cuda:6  (   41s)
  layer 30 -> cuda:7  (   43s)
  layer 31 -> cuda:7  (   44s)
  layer 32 -> cuda:7  (   45s)
  layer 33 -> cuda:7  (   47s)
  layer 34 -> cuda:7  (   48s)
  layer 35 -> cuda:7  (   49s)
  layer 36 -> cuda:7  (   50s)
  layer 37 -> cuda:7  (   52s)
  layer 38 -> cuda:7  (   53s)
  layer 39 -> cuda:7  (   54s)
  engram table layer 1: 91.6 GiB in host RAM (6s)
  engram table layer 14: 91.6 GiB in host RAM (6s)
loaded in 67s
model loaded in 77s
re-quantized 135.90 GB of expert payload in 20 layers (1.0s)
wikitext-2 test: 287,730 tokens, 16 x 2048 scored
  chunk 1/16: ppl so far 1.8387  (6s)
  chunk 2/16: ppl so far 1.7178  (11s)
  chunk 3/16: ppl so far 1.6947  (15s)
  chunk 4/16: ppl so far 1.9970  (19s)
  chunk 5/16: ppl so far 2.2331  (24s)
  chunk 6/16: ppl so far 2.2579  (28s)
  chunk 7/16: ppl so far 2.2961  (32s)
  chunk 8/16: ppl so far 2.4281  (36s)
  chunk 9/16: ppl so far 2.5828  (41s)
  chunk 10/16: ppl so far 2.7940  (45s)
  chunk 11/16: ppl so far 2.8549  (49s)
  chunk 12/16: ppl so far 2.9030  (53s)
  chunk 13/16: ppl so far 2.8932  (58s)
  chunk 14/16: ppl so far 2.9861  (62s)
  chunk 15/16: ppl so far 3.0529  (66s)
  chunk 16/16: ppl so far 3.1469  (70s)

PPL = 3.1469  (nll 1.1464 over 32,752 tokens)
appended to results/ppl.jsonl
