[transformers] You are using a model of type `deepseek_v41` to instantiate a model of type ``. This may be expected if you are loading a checkpoint that shares a subset of the architecture (e.g., loading a `sam2_video` checkpoint into `Sam2Model`), but is otherwise not supported and can yield errors. Please verify that the checkpoint is compatible with the model you are instantiating.
expert shards: {'cuda:4': 97, 'cuda:5': 97, 'cuda:6': 97, 'cuda:7': 93}
placement: {'cuda:4': 10, 'cuda:5': 10, 'cuda:6': 10, 'cuda:7': 10}
/mnt/ssdraid/git/deepseekv4.1/dsv41/stio.py:68: UserWarning: The given buffer is not writable, and PyTorch does not support non-writable tensors. This means you can write to the underlying (supposedly non-writable) buffer using the tensor. You may want to copy the buffer to protect its data or make it writable before converting it to a tensor. This type of warning will be suppressed for the rest of this program. (Triggered internally at /__w/pytorch/pytorch/torch/csrc/utils/tensor_new.cpp:1556.)
  t = torch.frombuffer(memoryview(buf), dtype=torch.uint8).view(TORCH_DTYPE[dtype]).view(shape)
  layer  0 -> cuda:4  (    2s)
  layer  1 -> cuda:4  (    4s)
  layer  2 -> cuda:4  (    5s)
  layer  3 -> cuda:4  (    7s)
  layer  4 -> cuda:4  (    8s)
  layer  5 -> cuda:4  (    9s)
  layer  6 -> cuda:4  (   11s)
  layer  7 -> cuda:4  (   12s)
  layer  8 -> cuda:4  (   14s)
  layer  9 -> cuda:4  (   15s)
  layer 10 -> cuda:5  (   16s)
  layer 11 -> cuda:5  (   18s)
  layer 12 -> cuda:5  (   19s)
  layer 13 -> cuda:5  (   20s)
  layer 14 -> cuda:5  (   22s)
  layer 15 -> cuda:5  (   23s)
  layer 16 -> cuda:5  (   24s)
  layer 17 -> cuda:5  (   26s)
  layer 18 -> cuda:5  (   27s)
  layer 19 -> cuda:5  (   28s)
  layer 20 -> cuda:6  (   30s)
  layer 21 -> cuda:6  (   31s)
  layer 22 -> cuda:6  (   32s)
  layer 23 -> cuda:6  (   33s)
  layer 24 -> cuda:6  (   35s)
  layer 25 -> cuda:6  (   36s)
  layer 26 -> cuda:6  (   37s)
  layer 27 -> cuda:6  (   38s)
  layer 28 -> cuda:6  (   40s)
  layer 29 -> cuda:6  (   41s)
  layer 30 -> cuda:7  (   42s)
  layer 31 -> cuda:7  (   44s)
  layer 32 -> cuda:7  (   45s)
  layer 33 -> cuda:7  (   46s)
  layer 34 -> cuda:7  (   47s)
  layer 35 -> cuda:7  (   49s)
  layer 36 -> cuda:7  (   50s)
  layer 37 -> cuda:7  (   51s)
  layer 38 -> cuda:7  (   52s)
  layer 39 -> cuda:7  (   54s)
  engram table layer 1: 91.6 GiB in host RAM (6s)
  engram table layer 14: 91.6 GiB in host RAM (6s)
loaded in 67s
model loaded in 76s
re-quantized 271.79 GB of expert payload in 40 layers (2.1s)
wikitext-2 test: 265,139 tokens, 12 x 2048 scored
  chunk 1/12: ppl so far 1.1984  (6s)
  chunk 2/12: ppl so far 1.2836  (11s)
  chunk 3/12: ppl so far 1.2982  (15s)
  chunk 4/12: ppl so far 1.2811  (19s)
  chunk 5/12: ppl so far 1.2802  (23s)
  chunk 6/12: ppl so far 1.2860  (27s)
  chunk 7/12: ppl so far 1.2811  (31s)
  chunk 8/12: ppl so far 1.2724  (36s)
  chunk 9/12: ppl so far 1.2743  (40s)
  chunk 10/12: ppl so far 1.2587  (44s)
  chunk 11/12: ppl so far 1.2863  (48s)
  chunk 12/12: ppl so far 1.2814  (52s)

PPL = 1.2814  (nll 0.2480 over 24,564 tokens)
appended to results/ppl.jsonl
[transformers] You are using a model of type `deepseek_v41` to instantiate a model of type ``. This may be expected if you are loading a checkpoint that shares a subset of the architecture (e.g., loading a `sam2_video` checkpoint into `Sam2Model`), but is otherwise not supported and can yield errors. Please verify that the checkpoint is compatible with the model you are instantiating.
expert shards: {'cuda:4': 97, 'cuda:5': 97, 'cuda:6': 97, 'cuda:7': 93}
placement: {'cuda:4': 10, 'cuda:5': 10, 'cuda:6': 10, 'cuda:7': 10}
/mnt/ssdraid/git/deepseekv4.1/dsv41/stio.py:68: UserWarning: The given buffer is not writable, and PyTorch does not support non-writable tensors. This means you can write to the underlying (supposedly non-writable) buffer using the tensor. You may want to copy the buffer to protect its data or make it writable before converting it to a tensor. This type of warning will be suppressed for the rest of this program. (Triggered internally at /__w/pytorch/pytorch/torch/csrc/utils/tensor_new.cpp:1556.)
  t = torch.frombuffer(memoryview(buf), dtype=torch.uint8).view(TORCH_DTYPE[dtype]).view(shape)
  layer  0 -> cuda:4  (    2s)
  layer  1 -> cuda:4  (    4s)
  layer  2 -> cuda:4  (    5s)
  layer  3 -> cuda:4  (    7s)
  layer  4 -> cuda:4  (    8s)
  layer  5 -> cuda:4  (   10s)
  layer  6 -> cuda:4  (   11s)
  layer  7 -> cuda:4  (   12s)
  layer  8 -> cuda:4  (   14s)
  layer  9 -> cuda:4  (   15s)
  layer 10 -> cuda:5  (   17s)
  layer 11 -> cuda:5  (   18s)
  layer 12 -> cuda:5  (   19s)
  layer 13 -> cuda:5  (   21s)
  layer 14 -> cuda:5  (   22s)
  layer 15 -> cuda:5  (   23s)
  layer 16 -> cuda:5  (   25s)
  layer 17 -> cuda:5  (   26s)
  layer 18 -> cuda:5  (   27s)
  layer 19 -> cuda:5  (   28s)
  layer 20 -> cuda:6  (   30s)
  layer 21 -> cuda:6  (   31s)
  layer 22 -> cuda:6  (   32s)
  layer 23 -> cuda:6  (   34s)
  layer 24 -> cuda:6  (   35s)
  layer 25 -> cuda:6  (   36s)
  layer 26 -> cuda:6  (   38s)
  layer 27 -> cuda:6  (   39s)
  layer 28 -> cuda:6  (   40s)
  layer 29 -> cuda:6  (   41s)
  layer 30 -> cuda:7  (   43s)
  layer 31 -> cuda:7  (   44s)
  layer 32 -> cuda:7  (   45s)
  layer 33 -> cuda:7  (   46s)
  layer 34 -> cuda:7  (   48s)
  layer 35 -> cuda:7  (   49s)
  layer 36 -> cuda:7  (   50s)
  layer 37 -> cuda:7  (   51s)
  layer 38 -> cuda:7  (   53s)
  layer 39 -> cuda:7  (   54s)
  engram table layer 1: 91.6 GiB in host RAM (6s)
  engram table layer 14: 91.6 GiB in host RAM (6s)
loaded in 67s
model loaded in 76s
re-quantized 271.79 GB of expert payload in 40 layers (2.1s)
wikitext-2 test: 265,139 tokens, 12 x 2048 scored
  chunk 1/12: ppl so far 1.2056  (7s)
  chunk 2/12: ppl so far 1.2911  (11s)
  chunk 3/12: ppl so far 1.2994  (15s)
  chunk 4/12: ppl so far 1.2839  (19s)
  chunk 5/12: ppl so far 1.2829  (23s)
  chunk 6/12: ppl so far 1.2863  (28s)
  chunk 7/12: ppl so far 1.2825  (32s)
  chunk 8/12: ppl so far 1.2762  (36s)
  chunk 9/12: ppl so far 1.2775  (40s)
  chunk 10/12: ppl so far 1.2630  (44s)
  chunk 11/12: ppl so far 1.2917  (48s)
  chunk 12/12: ppl so far 1.2864  (52s)

PPL = 1.2864  (nll 0.2518 over 24,564 tokens)
appended to results/ppl.jsonl
[transformers] You are using a model of type `deepseek_v41` to instantiate a model of type ``. This may be expected if you are loading a checkpoint that shares a subset of the architecture (e.g., loading a `sam2_video` checkpoint into `Sam2Model`), but is otherwise not supported and can yield errors. Please verify that the checkpoint is compatible with the model you are instantiating.
expert shards: {'cuda:4': 97, 'cuda:5': 97, 'cuda:6': 97, 'cuda:7': 93}
placement: {'cuda:4': 10, 'cuda:5': 10, 'cuda:6': 10, 'cuda:7': 10}
/mnt/ssdraid/git/deepseekv4.1/dsv41/stio.py:68: UserWarning: The given buffer is not writable, and PyTorch does not support non-writable tensors. This means you can write to the underlying (supposedly non-writable) buffer using the tensor. You may want to copy the buffer to protect its data or make it writable before converting it to a tensor. This type of warning will be suppressed for the rest of this program. (Triggered internally at /__w/pytorch/pytorch/torch/csrc/utils/tensor_new.cpp:1556.)
  t = torch.frombuffer(memoryview(buf), dtype=torch.uint8).view(TORCH_DTYPE[dtype]).view(shape)
  layer  0 -> cuda:4  (    2s)
  layer  1 -> cuda:4  (    4s)
  layer  2 -> cuda:4  (    5s)
  layer  3 -> cuda:4  (    7s)
  layer  4 -> cuda:4  (    8s)
  layer  5 -> cuda:4  (   10s)
  layer  6 -> cuda:4  (   11s)
  layer  7 -> cuda:4  (   12s)
  layer  8 -> cuda:4  (   14s)
  layer  9 -> cuda:4  (   15s)
  layer 10 -> cuda:5  (   17s)
  layer 11 -> cuda:5  (   18s)
  layer 12 -> cuda:5  (   19s)
  layer 13 -> cuda:5  (   21s)
  layer 14 -> cuda:5  (   22s)
  layer 15 -> cuda:5  (   23s)
  layer 16 -> cuda:5  (   24s)
  layer 17 -> cuda:5  (   26s)
  layer 18 -> cuda:5  (   27s)
  layer 19 -> cuda:5  (   28s)
  layer 20 -> cuda:6  (   30s)
  layer 21 -> cuda:6  (   31s)
  layer 22 -> cuda:6  (   32s)
  layer 23 -> cuda:6  (   34s)
  layer 24 -> cuda:6  (   35s)
  layer 25 -> cuda:6  (   36s)
  layer 26 -> cuda:6  (   37s)
  layer 27 -> cuda:6  (   39s)
  layer 28 -> cuda:6  (   40s)
  layer 29 -> cuda:6  (   41s)
  layer 30 -> cuda:7  (   43s)
  layer 31 -> cuda:7  (   44s)
  layer 32 -> cuda:7  (   45s)
  layer 33 -> cuda:7  (   46s)
  layer 34 -> cuda:7  (   48s)
  layer 35 -> cuda:7  (   49s)
  layer 36 -> cuda:7  (   50s)
  layer 37 -> cuda:7  (   52s)
  layer 38 -> cuda:7  (   53s)
  layer 39 -> cuda:7  (   54s)
  engram table layer 1: 91.6 GiB in host RAM (6s)
  engram table layer 14: 91.6 GiB in host RAM (6s)
loaded in 67s
model loaded in 77s
re-quantized 271.79 GB of expert payload in 40 layers (2.1s)
wikitext-2 test: 265,139 tokens, 12 x 2048 scored
  chunk 1/12: ppl so far 1.2071  (6s)
  chunk 2/12: ppl so far 1.2967  (10s)
  chunk 3/12: ppl so far 1.3098  (15s)
  chunk 4/12: ppl so far 1.2944  (19s)
  chunk 5/12: ppl so far 1.2937  (23s)
  chunk 6/12: ppl so far 1.2962  (27s)
  chunk 7/12: ppl so far 1.2927  (31s)
  chunk 8/12: ppl so far 1.2848  (35s)
  chunk 9/12: ppl so far 1.2876  (39s)
  chunk 10/12: ppl so far 1.2712  (43s)
  chunk 11/12: ppl so far 1.3001  (48s)
  chunk 12/12: ppl so far 1.2951  (52s)

PPL = 1.2951  (nll 0.2586 over 24,564 tokens)
appended to results/ppl.jsonl
